Archive member included to satisfy reference by file (symbol)

/usr/lib/gcc/arm-none-eabi/4.9.2/../../../../arm-none-eabi/lib/armv6-m/libc.a(lib_a-atexit.o)
                              /usr/lib/gcc/arm-none-eabi/4.9.2/../../../../arm-none-eabi/lib/armv6-m/crt0.o (atexit)
/usr/lib/gcc/arm-none-eabi/4.9.2/../../../../arm-none-eabi/lib/armv6-m/libc.a(lib_a-exit.o)
                              /usr/lib/gcc/arm-none-eabi/4.9.2/../../../../arm-none-eabi/lib/armv6-m/crt0.o (exit)
/usr/lib/gcc/arm-none-eabi/4.9.2/../../../../arm-none-eabi/lib/armv6-m/libc.a(lib_a-fini.o)
                              /usr/lib/gcc/arm-none-eabi/4.9.2/../../../../arm-none-eabi/lib/armv6-m/crt0.o (__libc_fini_array)
/usr/lib/gcc/arm-none-eabi/4.9.2/../../../../arm-none-eabi/lib/armv6-m/libc.a(lib_a-impure.o)
                              /usr/lib/gcc/arm-none-eabi/4.9.2/../../../../arm-none-eabi/lib/armv6-m/libc.a(lib_a-exit.o) (_global_impure_ptr)
/usr/lib/gcc/arm-none-eabi/4.9.2/../../../../arm-none-eabi/lib/armv6-m/libc.a(lib_a-init.o)
                              /usr/lib/gcc/arm-none-eabi/4.9.2/../../../../arm-none-eabi/lib/armv6-m/crt0.o (__libc_init_array)
/usr/lib/gcc/arm-none-eabi/4.9.2/../../../../arm-none-eabi/lib/armv6-m/libc.a(lib_a-memset.o)
                              /usr/lib/gcc/arm-none-eabi/4.9.2/../../../../arm-none-eabi/lib/armv6-m/crt0.o (memset)
/usr/lib/gcc/arm-none-eabi/4.9.2/../../../../arm-none-eabi/lib/armv6-m/libc.a(lib_a-__atexit.o)
                              /usr/lib/gcc/arm-none-eabi/4.9.2/../../../../arm-none-eabi/lib/armv6-m/libc.a(lib_a-atexit.o) (__register_exitproc)
/usr/lib/gcc/arm-none-eabi/4.9.2/../../../../arm-none-eabi/lib/armv6-m/libc.a(lib_a-__call_atexit.o)
                              /usr/lib/gcc/arm-none-eabi/4.9.2/../../../../arm-none-eabi/lib/armv6-m/libc.a(lib_a-exit.o) (__call_exitprocs)
/usr/lib/gcc/arm-none-eabi/4.9.2/armv6-m/libgcc.a(_thumb1_case_uqi.o)
                              ./Lib/STM32Cube_FW_F0_V1.2.0/Drivers/STM32F0xx_HAL_Driver/Src/stm32f0xx_hal_uart.o (__gnu_thumb1_case_uqi)
/usr/lib/gcc/arm-none-eabi/4.9.2/armv6-m/libgcc.a(_udivsi3.o)
                              ./Src/system_stm32f0xx.o (__aeabi_uidiv)
/usr/lib/gcc/arm-none-eabi/4.9.2/armv6-m/libgcc.a(_divsi3.o)
                              ./Src/main.o (__aeabi_idiv)
/usr/lib/gcc/arm-none-eabi/4.9.2/armv6-m/libgcc.a(_dvmd_tls.o)
                              /usr/lib/gcc/arm-none-eabi/4.9.2/armv6-m/libgcc.a(_udivsi3.o) (__aeabi_idiv0)
/usr/lib/gcc/arm-none-eabi/4.9.2/armv6-m/libgcc.a(_lshrdi3.o)
                              ./Lib/STM32Cube_FW_F0_V1.2.0/Drivers/STM32F0xx_HAL_Driver/Src/stm32f0xx_hal_flash.o (__aeabi_llsr)
/usr/lib/gcc/arm-none-eabi/4.9.2/../../../../arm-none-eabi/lib/armv6-m/libnosys.a(_exit.o)
                              /usr/lib/gcc/arm-none-eabi/4.9.2/../../../../arm-none-eabi/lib/armv6-m/libc.a(lib_a-exit.o) (_exit)

Allocating common symbols
Common symbol       size              file

hdma_rx             0x38              ./Src/main.o
UartHandle          0x70              ./Src/main.o
pFlash              0x20              ./Lib/STM32Cube_FW_F0_V1.2.0/Drivers/STM32F0xx_HAL_Driver/Src/stm32f0xx_hal_flash.o
hdma_tx             0x38              ./Src/main.o
GPIO_InitStruct     0x14              ./Src/main.o

Discarded input sections

 .text          0x0000000000000000        0x0 /usr/lib/gcc/arm-none-eabi/4.9.2/armv6-m/crti.o
 .data          0x0000000000000000        0x0 /usr/lib/gcc/arm-none-eabi/4.9.2/armv6-m/crti.o
 .bss           0x0000000000000000        0x0 /usr/lib/gcc/arm-none-eabi/4.9.2/armv6-m/crti.o
 .text          0x0000000000000000        0x0 /usr/lib/gcc/arm-none-eabi/4.9.2/armv6-m/crtbegin.o
 .data          0x0000000000000000        0x0 /usr/lib/gcc/arm-none-eabi/4.9.2/armv6-m/crtbegin.o
 .bss           0x0000000000000000        0x0 /usr/lib/gcc/arm-none-eabi/4.9.2/armv6-m/crtbegin.o
 .data.__dso_handle
                0x0000000000000000        0x4 /usr/lib/gcc/arm-none-eabi/4.9.2/armv6-m/crtbegin.o
 .text          0x0000000000000000       0x6c /usr/lib/gcc/arm-none-eabi/4.9.2/../../../../arm-none-eabi/lib/armv6-m/crt0.o
 .data          0x0000000000000000        0x0 /usr/lib/gcc/arm-none-eabi/4.9.2/../../../../arm-none-eabi/lib/armv6-m/crt0.o
 .bss           0x0000000000000000        0x0 /usr/lib/gcc/arm-none-eabi/4.9.2/../../../../arm-none-eabi/lib/armv6-m/crt0.o
 .ARM.extab     0x0000000000000000        0x0 /usr/lib/gcc/arm-none-eabi/4.9.2/../../../../arm-none-eabi/lib/armv6-m/crt0.o
 .ARM.exidx     0x0000000000000000        0x8 /usr/lib/gcc/arm-none-eabi/4.9.2/../../../../arm-none-eabi/lib/armv6-m/crt0.o
 .ARM.attributes
                0x0000000000000000       0x1b /usr/lib/gcc/arm-none-eabi/4.9.2/../../../../arm-none-eabi/lib/armv6-m/crt0.o
 .text          0x0000000000000000        0x0 ./Src/main.o
 .data          0x0000000000000000        0x0 ./Src/main.o
 .bss           0x0000000000000000        0x0 ./Src/main.o
 .text.UART_Send_String
[...]
Memory Configuration

Name             Origin             Length             Attributes
FLASH            0x0000000008000000 0x0000000000004000 xr
RAM              0x0000000020000000 0x0000000000001000 xrw
*default*        0x0000000000000000 0xffffffffffffffff

Linker script and memory map

LOAD /usr/lib/gcc/arm-none-eabi/4.9.2/armv6-m/crti.o
LOAD /usr/lib/gcc/arm-none-eabi/4.9.2/armv6-m/crtbegin.o
LOAD /usr/lib/gcc/arm-none-eabi/4.9.2/../../../../arm-none-eabi/lib/armv6-m/crt0.o
LOAD ./Src/main.o
LOAD ./Src/stm32f0xx_it.o
LOAD ./Src/system_stm32f0xx.o
LOAD ./Lib/STM32Cube_FW_F0_V1.2.0/Drivers/STM32F0xx_HAL_Driver/Src/stm32f0xx_hal.o
LOAD ./Lib/STM32Cube_FW_F0_V1.2.0/Drivers/STM32F0xx_HAL_Driver/Src/stm32f0xx_hal_cortex.o
LOAD ./Lib/STM32Cube_FW_F0_V1.2.0/Drivers/STM32F0xx_HAL_Driver/Src/stm32f0xx_hal_adc.o
LOAD ./Lib/STM32Cube_FW_F0_V1.2.0/Drivers/STM32F0xx_HAL_Driver/Src/stm32f0xx_hal_adc_ex.o
LOAD ./Lib/STM32Cube_FW_F0_V1.2.0/Drivers/STM32F0xx_HAL_Driver/Src/stm32f0xx_hal_cec.o
LOAD ./Lib/STM32Cube_FW_F0_V1.2.0/Drivers/STM32F0xx_HAL_Driver/Src/stm32f0xx_hal_comp.o
LOAD ./Lib/STM32Cube_FW_F0_V1.2.0/Drivers/STM32F0xx_HAL_Driver/Src/stm32f0xx_hal_crc.o
LOAD ./Lib/STM32Cube_FW_F0_V1.2.0/Drivers/STM32F0xx_HAL_Driver/Src/stm32f0xx_hal_crc_ex.o
LOAD ./Lib/STM32Cube_FW_F0_V1.2.0/Drivers/STM32F0xx_HAL_Driver/Src/stm32f0xx_hal_dac.o
LOAD ./Lib/STM32Cube_FW_F0_V1.2.0/Drivers/STM32F0xx_HAL_Driver/Src/stm32f0xx_hal_dac_ex.o
LOAD ./Lib/STM32Cube_FW_F0_V1.2.0/Drivers/STM32F0xx_HAL_Driver/Src/stm32f0xx_hal_dma.o
LOAD ./Lib/STM32Cube_FW_F0_V1.2.0/Drivers/STM32F0xx_HAL_Driver/Src/stm32f0xx_hal_flash.o
LOAD ./Lib/STM32Cube_FW_F0_V1.2.0/Drivers/STM32F0xx_HAL_Driver/Src/stm32f0xx_hal_flash_ex.o
LOAD ./Lib/STM32Cube_FW_F0_V1.2.0/Drivers/STM32F0xx_HAL_Driver/Src/stm32f0xx_hal_gpio.o
LOAD ./Lib/STM32Cube_FW_F0_V1.2.0/Drivers/STM32F0xx_HAL_Driver/Src/stm32f0xx_hal_i2c.o
LOAD ./Lib/STM32Cube_FW_F0_V1.2.0/Drivers/STM32F0xx_HAL_Driver/Src/stm32f0xx_hal_i2c_ex.o
LOAD ./Lib/STM32Cube_FW_F0_V1.2.0/Drivers/STM32F0xx_HAL_Driver/Src/stm32f0xx_hal_i2s.o
LOAD ./Lib/STM32Cube_FW_F0_V1.2.0/Drivers/STM32F0xx_HAL_Driver/Src/stm32f0xx_hal_irda.o
LOAD ./Lib/STM32Cube_FW_F0_V1.2.0/Drivers/STM32F0xx_HAL_Driver/Src/stm32f0xx_hal_iwdg.o
LOAD ./Lib/STM32Cube_FW_F0_V1.2.0/Drivers/STM32F0xx_HAL_Driver/Src/stm32f0xx_hal_pcd.o
LOAD ./Lib/STM32Cube_FW_F0_V1.2.0/Drivers/STM32F0xx_HAL_Driver/Src/stm32f0xx_hal_pcd_ex.o
LOAD ./Lib/STM32Cube_FW_F0_V1.2.0/Drivers/STM32F0xx_HAL_Driver/Src/stm32f0xx_hal_pwr.o
LOAD ./Lib/STM32Cube_FW_F0_V1.2.0/Drivers/STM32F0xx_HAL_Driver/Src/stm32f0xx_hal_pwr_ex.o
LOAD ./Lib/STM32Cube_FW_F0_V1.2.0/Drivers/STM32F0xx_HAL_Driver/Src/stm32f0xx_hal_rcc.o
LOAD ./Lib/STM32Cube_FW_F0_V1.2.0/Drivers/STM32F0xx_HAL_Driver/Src/stm32f0xx_hal_rcc_ex.o
LOAD ./Lib/STM32Cube_FW_F0_V1.2.0/Drivers/STM32F0xx_HAL_Driver/Src/stm32f0xx_hal_rtc.o
LOAD ./Lib/STM32Cube_FW_F0_V1.2.0/Drivers/STM32F0xx_HAL_Driver/Src/stm32f0xx_hal_rtc_ex.o
LOAD ./Lib/STM32Cube_FW_F0_V1.2.0/Drivers/STM32F0xx_HAL_Driver/Src/stm32f0xx_hal_smartcard.o
LOAD ./Lib/STM32Cube_FW_F0_V1.2.0/Drivers/STM32F0xx_HAL_Driver/Src/stm32f0xx_hal_smartcard_ex.o
LOAD ./Lib/STM32Cube_FW_F0_V1.2.0/Drivers/STM32F0xx_HAL_Driver/Src/stm32f0xx_hal_smbus.o
LOAD ./Lib/STM32Cube_FW_F0_V1.2.0/Drivers/STM32F0xx_HAL_Driver/Src/stm32f0xx_hal_spi.o
LOAD ./Lib/STM32Cube_FW_F0_V1.2.0/Drivers/STM32F0xx_HAL_Driver/Src/stm32f0xx_hal_tim.o
LOAD ./Lib/STM32Cube_FW_F0_V1.2.0/Drivers/STM32F0xx_HAL_Driver/Src/stm32f0xx_hal_tim_ex.o
LOAD ./Lib/STM32Cube_FW_F0_V1.2.0/Drivers/STM32F0xx_HAL_Driver/Src/stm32f0xx_hal_tsc.o
LOAD ./Lib/STM32Cube_FW_F0_V1.2.0/Drivers/STM32F0xx_HAL_Driver/Src/stm32f0xx_hal_uart.o
LOAD ./Lib/STM32Cube_FW_F0_V1.2.0/Drivers/STM32F0xx_HAL_Driver/Src/stm32f0xx_hal_uart_ex.o
LOAD ./Lib/STM32Cube_FW_F0_V1.2.0/Drivers/STM32F0xx_HAL_Driver/Src/stm32f0xx_hal_usart.o
LOAD ./Lib/STM32Cube_FW_F0_V1.2.0/Drivers/STM32F0xx_HAL_Driver/Src/stm32f0xx_hal_wwdg.o
LOAD ./Lib/STM32Cube_FW_F0_V1.2.0/Drivers/CMSIS/Device/ST/STM32F0xx/Source/Templates/gcc/startup_stm32f030x6.o
                0x0000000020001000                _estack = 0x20001000
                0x0000000000000200                _Min_Heap_Size = 0x200
                0x0000000000000400                _Min_Stack_Size = 0x400

.isr_vector     0x0000000008000000       0xc0
                0x0000000008000000                . = ALIGN (0x4)
 *(.isr_vector)
 .isr_vector    0x0000000008000000       0xc0 ./Lib/STM32Cube_FW_F0_V1.2.0/Drivers/CMSIS/Device/ST/STM32F0xx/Source/Templates/gcc/startup_stm32f030x6.o
                0x0000000008000000                g_pfnVectors
                0x00000000080000c0                . = ALIGN (0x4)

.text           0x00000000080000c0     0x1438
                0x00000000080000c0                . = ALIGN (0x4)
 *(.text)
 .text          0x00000000080000c0       0x14 /usr/lib/gcc/arm-none-eabi/4.9.2/armv6-m/libgcc.a(_thumb1_case_uqi.o)
                0x00000000080000c0                __gnu_thumb1_case_uqi
 .text          0x00000000080000d4       0x9c /usr/lib/gcc/arm-none-eabi/4.9.2/armv6-m/libgcc.a(_udivsi3.o)
                0x00000000080000d4                __udivsi3
                0x00000000080000d4                __aeabi_uidiv
                0x000000000800015c                __aeabi_uidivmod
 .text          0x0000000008000170        0x4 /usr/lib/gcc/arm-none-eabi/4.9.2/armv6-m/libgcc.a(_dvmd_tls.o)
                0x0000000008000170                __aeabi_ldiv0
                0x0000000008000170                __aeabi_idiv0
 *(.text*)
 .text.__do_global_dtors_aux
                0x0000000008000174       0x2c /usr/lib/gcc/arm-none-eabi/4.9.2/armv6-m/crtbegin.o
 .text.frame_dummy
                0x00000000080001a0       0x38 /usr/lib/gcc/arm-none-eabi/4.9.2/armv6-m/crtbegin.o
 .text.UART_Send_String_DMA
                0x00000000080001d8       0x1c ./Src/main.o
                0x00000000080001d8                UART_Send_String_DMA
 .text.startup.main
                0x00000000080001f4      0x154 ./Src/main.o
                0x00000000080001f4                main
 .text.HAL_UART_TxCpltCallback
                0x0000000008000348        0xc ./Src/main.o
                0x0000000008000348                HAL_UART_TxCpltCallback
 .text.HAL_GPIO_EXTI_Callback
                0x0000000008000354       0x48 ./Src/main.o
                0x0000000008000354                HAL_GPIO_EXTI_Callback
 .text.NMI_Handler
                0x000000000800039c        0x2 ./Src/stm32f0xx_it.o
                0x000000000800039c                NMI_Handler
 .text.HardFault_Handler
                0x000000000800039e        0x2 ./Src/stm32f0xx_it.o
                0x000000000800039e                HardFault_Handler
 .text.SVC_Handler
                0x00000000080003a0        0x2 ./Src/stm32f0xx_it.o
                0x00000000080003a0                SVC_Handler
 .text.PendSV_Handler
                0x00000000080003a2        0x2 ./Src/stm32f0xx_it.o
                0x00000000080003a2                PendSV_Handler
 .text.SysTick_Handler
                0x00000000080003a4        0xc ./Src/stm32f0xx_it.o
                0x00000000080003a4                SysTick_Handler
 .text.DMA1_Channel2_3_IRQHandler
                0x00000000080003b0       0x18 ./Src/stm32f0xx_it.o
                0x00000000080003b0                DMA1_Channel2_3_IRQHandler
 .text.EXTI4_15_IRQHandler
                0x00000000080003c8       0x10 ./Src/stm32f0xx_it.o
                0x00000000080003c8                EXTI4_15_IRQHandler
 .text.SystemInit
                0x00000000080003d8       0x60 ./Src/system_stm32f0xx.o
                0x00000000080003d8                SystemInit
 .text.HAL_MspInit
                0x0000000008000438        0x2 ./Lib/STM32Cube_FW_F0_V1.2.0/Drivers/STM32F0xx_HAL_Driver/Src/stm32f0xx_hal.o
                0x0000000008000438                HAL_MspInit
 *fill*         0x000000000800043a        0x2 
 .text.HAL_InitTick
                0x000000000800043c       0x34 ./Lib/STM32Cube_FW_F0_V1.2.0/Drivers/STM32F0xx_HAL_Driver/Src/stm32f0xx_hal.o
                0x000000000800043c                HAL_InitTick
 .text.HAL_Init
                0x0000000008000470       0x28 ./Lib/STM32Cube_FW_F0_V1.2.0/Drivers/STM32F0xx_HAL_Driver/Src/stm32f0xx_hal.o
                0x0000000008000470                HAL_Init
 .text.HAL_IncTick
                0x0000000008000498       0x10 ./Lib/STM32Cube_FW_F0_V1.2.0/Drivers/STM32F0xx_HAL_Driver/Src/stm32f0xx_hal.o
                0x0000000008000498                HAL_IncTick
 .text.HAL_GetTick
                0x00000000080004a8        0xc ./Lib/STM32Cube_FW_F0_V1.2.0/Drivers/STM32F0xx_HAL_Driver/Src/stm32f0xx_hal.o
                0x00000000080004a8                HAL_GetTick
 .text.HAL_NVIC_SetPriority
                0x00000000080004b4       0x64 ./Lib/STM32Cube_FW_F0_V1.2.0/Drivers/STM32F0xx_HAL_Driver/Src/stm32f0xx_hal_cortex.o
                0x00000000080004b4                HAL_NVIC_SetPriority
 .text.HAL_NVIC_EnableIRQ
                0x0000000008000518       0x14 ./Lib/STM32Cube_FW_F0_V1.2.0/Drivers/STM32F0xx_HAL_Driver/Src/stm32f0xx_hal_cortex.o
                0x0000000008000518                HAL_NVIC_EnableIRQ
 .text.HAL_SYSTICK_Config
                0x000000000800052c       0x34 ./Lib/STM32Cube_FW_F0_V1.2.0/Drivers/STM32F0xx_HAL_Driver/Src/stm32f0xx_hal_cortex.o
                0x000000000800052c                HAL_SYSTICK_Config
 .text.HAL_DMA_Init
                0x0000000008000560       0x44 ./Lib/STM32Cube_FW_F0_V1.2.0/Drivers/STM32F0xx_HAL_Driver/Src/stm32f0xx_hal_dma.o
                0x0000000008000560                HAL_DMA_Init
 .text.HAL_DMA_Start_IT
                0x00000000080005a4       0x66 ./Lib/STM32Cube_FW_F0_V1.2.0/Drivers/STM32F0xx_HAL_Driver/Src/stm32f0xx_hal_dma.o
                0x00000000080005a4                HAL_DMA_Start_IT
 *fill*         0x000000000800060a        0x2 
 .text.HAL_DMA_IRQHandler
                0x000000000800060c      0x1bc ./Lib/STM32Cube_FW_F0_V1.2.0/Drivers/STM32F0xx_HAL_Driver/Src/stm32f0xx_hal_dma.o
                0x000000000800060c                HAL_DMA_IRQHandler
 .text.HAL_GPIO_Init
                0x00000000080007c8      0x150 ./Lib/STM32Cube_FW_F0_V1.2.0/Drivers/STM32F0xx_HAL_Driver/Src/stm32f0xx_hal_gpio.o
                0x00000000080007c8                HAL_GPIO_Init
 .text.HAL_GPIO_ReadPin
                0x0000000008000918        0xc ./Lib/STM32Cube_FW_F0_V1.2.0/Drivers/STM32F0xx_HAL_Driver/Src/stm32f0xx_hal_gpio.o
                0x0000000008000918                HAL_GPIO_ReadPin
 .text.HAL_GPIO_EXTI_IRQHandler
                0x0000000008000924       0x1c ./Lib/STM32Cube_FW_F0_V1.2.0/Drivers/STM32F0xx_HAL_Driver/Src/stm32f0xx_hal_gpio.o
                0x0000000008000924                HAL_GPIO_EXTI_IRQHandler
 .text.HAL_RCC_GetHCLKFreq
                0x0000000008000940       0x2c ./Lib/STM32Cube_FW_F0_V1.2.0/Drivers/STM32F0xx_HAL_Driver/Src/stm32f0xx_hal_rcc.o
                0x0000000008000940                HAL_RCC_GetHCLKFreq
 .text.HAL_RCC_GetPCLK1Freq
                0x000000000800096c       0x24 ./Lib/STM32Cube_FW_F0_V1.2.0/Drivers/STM32F0xx_HAL_Driver/Src/stm32f0xx_hal_rcc.o
                0x000000000800096c                HAL_RCC_GetPCLK1Freq
 .text.HAL_RCC_OscConfig
                0x0000000008000990      0x328 ./Lib/STM32Cube_FW_F0_V1.2.0/Drivers/STM32F0xx_HAL_Driver/Src/stm32f0xx_hal_rcc_ex.o
                0x0000000008000990                HAL_RCC_OscConfig
 .text.HAL_RCC_ClockConfig
                0x0000000008000cb8      0x1ac ./Lib/STM32Cube_FW_F0_V1.2.0/Drivers/STM32F0xx_HAL_Driver/Src/stm32f0xx_hal_rcc_ex.o
                0x0000000008000cb8                HAL_RCC_ClockConfig
 .text.HAL_RCC_GetSysClockFreq
                0x0000000008000e64       0x50 ./Lib/STM32Cube_FW_F0_V1.2.0/Drivers/STM32F0xx_HAL_Driver/Src/stm32f0xx_hal_rcc_ex.o
                0x0000000008000e64                HAL_RCC_GetSysClockFreq
 .text.HAL_UART_MspInit
                0x0000000008000eb4        0x2 ./Lib/STM32Cube_FW_F0_V1.2.0/Drivers/STM32F0xx_HAL_Driver/Src/stm32f0xx_hal_uart.o
                0x0000000008000eb4                HAL_UART_MspInit
 *fill*         0x0000000008000eb6        0x2 
 .text.HAL_UART_Transmit_DMA
                0x0000000008000eb8       0x84 ./Lib/STM32Cube_FW_F0_V1.2.0/Drivers/STM32F0xx_HAL_Driver/Src/stm32f0xx_hal_uart.o
                0x0000000008000eb8                HAL_UART_Transmit_DMA
 .text.HAL_UART_TxHalfCpltCallback
                0x0000000008000f3c        0x2 ./Lib/STM32Cube_FW_F0_V1.2.0/Drivers/STM32F0xx_HAL_Driver/Src/stm32f0xx_hal_uart.o
                0x0000000008000f3c                HAL_UART_TxHalfCpltCallback
 *fill*         0x0000000008000f3e        0x2 
 .text.UART_DMATxHalfCplt
                0x0000000008000f40       0x10 ./Lib/STM32Cube_FW_F0_V1.2.0/Drivers/STM32F0xx_HAL_Driver/Src/stm32f0xx_hal_uart.o
 .text.HAL_UART_ErrorCallback
                0x0000000008000f50        0x2 ./Lib/STM32Cube_FW_F0_V1.2.0/Drivers/STM32F0xx_HAL_Driver/Src/stm32f0xx_hal_uart.o
                0x0000000008000f50                HAL_UART_ErrorCallback
 *fill*         0x0000000008000f52        0x2 
 .text.UART_DMAError
                0x0000000008000f54       0x2c ./Lib/STM32Cube_FW_F0_V1.2.0/Drivers/STM32F0xx_HAL_Driver/Src/stm32f0xx_hal_uart.o
 .text.UART_WaitOnFlagUntilTimeout
                0x0000000008000f80       0x98 ./Lib/STM32Cube_FW_F0_V1.2.0/Drivers/STM32F0xx_HAL_Driver/Src/stm32f0xx_hal_uart.o
                0x0000000008000f80                UART_WaitOnFlagUntilTimeout
 .text.UART_DMATransmitCplt
                0x0000000008001018       0x58 ./Lib/STM32Cube_FW_F0_V1.2.0/Drivers/STM32F0xx_HAL_Driver/Src/stm32f0xx_hal_uart.o
 .text.UART_CheckIdleState
                0x0000000008001070       0x58 ./Lib/STM32Cube_FW_F0_V1.2.0/Drivers/STM32F0xx_HAL_Driver/Src/stm32f0xx_hal_uart.o
                0x0000000008001070                UART_CheckIdleState
 .text.UART_SetConfig
                0x00000000080010c8      0x108 ./Lib/STM32Cube_FW_F0_V1.2.0/Drivers/STM32F0xx_HAL_Driver/Src/stm32f0xx_hal_uart.o
                0x00000000080010c8                UART_SetConfig
 .text.UART_AdvFeatureConfig
                0x00000000080011d0       0xe0 ./Lib/STM32Cube_FW_F0_V1.2.0/Drivers/STM32F0xx_HAL_Driver/Src/stm32f0xx_hal_uart.o
                0x00000000080011d0                UART_AdvFeatureConfig
 .text.HAL_UART_Init
                0x00000000080012b0       0x78 ./Lib/STM32Cube_FW_F0_V1.2.0/Drivers/STM32F0xx_HAL_Driver/Src/stm32f0xx_hal_uart.o
                0x00000000080012b0                HAL_UART_Init
 .text.Reset_Handler
                0x0000000008001328       0x50 ./Lib/STM32Cube_FW_F0_V1.2.0/Drivers/CMSIS/Device/ST/STM32F0xx/Source/Templates/gcc/startup_stm32f030x6.o
                0x0000000008001328                Reset_Handler
 .text.Default_Handler
                0x0000000008001378        0x2 ./Lib/STM32Cube_FW_F0_V1.2.0/Drivers/CMSIS/Device/ST/STM32F0xx/Source/Templates/gcc/startup_stm32f030x6.o
                0x0000000008001378                TIM1_CC_IRQHandler
                0x0000000008001378                I2C1_IRQHandler
                0x0000000008001378                SPI1_IRQHandler
                0x0000000008001378                EXTI2_3_IRQHandler
                0x0000000008001378                ADC1_IRQHandler
                0x0000000008001378                TIM17_IRQHandler
                0x0000000008001378                RTC_IRQHandler
                0x0000000008001378                TIM16_IRQHandler
                0x0000000008001378                TIM3_IRQHandler
                0x0000000008001378                RCC_IRQHandler
                0x0000000008001378                DMA1_Channel1_IRQHandler
                0x0000000008001378                Default_Handler
                0x0000000008001378                TIM14_IRQHandler
                0x0000000008001378                DMA1_Channel4_5_IRQHandler
                0x0000000008001378                EXTI0_1_IRQHandler
                0x0000000008001378                WWDG_IRQHandler
                0x0000000008001378                FLASH_IRQHandler
                0x0000000008001378                USART1_IRQHandler
                0x0000000008001378                TIM1_BRK_UP_TRG_COM_IRQHandler
 *fill*         0x000000000800137a        0x2 
 .text.atexit   0x000000000800137c       0x10 /usr/lib/gcc/arm-none-eabi/4.9.2/../../../../arm-none-eabi/lib/armv6-m/libc.a(lib_a-atexit.o)
                0x000000000800137c                atexit
 .text.__libc_fini_array
                0x000000000800138c       0x34 /usr/lib/gcc/arm-none-eabi/4.9.2/../../../../arm-none-eabi/lib/armv6-m/libc.a(lib_a-fini.o)
                0x000000000800138c                __libc_fini_array
 .text.__libc_init_array
                0x00000000080013c0       0x48 /usr/lib/gcc/arm-none-eabi/4.9.2/../../../../arm-none-eabi/lib/armv6-m/libc.a(lib_a-init.o)
                0x00000000080013c0                __libc_init_array
 .text.__register_exitproc
                0x0000000008001408       0xc0 /usr/lib/gcc/arm-none-eabi/4.9.2/../../../../arm-none-eabi/lib/armv6-m/libc.a(lib_a-__atexit.o)
                0x0000000008001408                __register_exitproc
 .text.startup.register_fini
                0x00000000080014c8       0x18 /usr/lib/gcc/arm-none-eabi/4.9.2/../../../../arm-none-eabi/lib/armv6-m/libc.a(lib_a-__call_atexit.o)
 *(.glue_7)
 .glue_7        0x00000000080014e0        0x0 linker stubs
 *(.glue_7t)
 .glue_7t       0x00000000080014e0        0x0 linker stubs
 *(.eh_frame)
 .eh_frame      0x00000000080014e0        0x0 /usr/lib/gcc/arm-none-eabi/4.9.2/armv6-m/crtbegin.o
 *(.init)
 .init          0x00000000080014e0        0x4 /usr/lib/gcc/arm-none-eabi/4.9.2/armv6-m/crti.o
                0x00000000080014e0                _init
 .init          0x00000000080014e4        0x8 /usr/lib/gcc/arm-none-eabi/4.9.2/armv6-m/crtn.o
 *(.fini)
 .fini          0x00000000080014ec        0x4 /usr/lib/gcc/arm-none-eabi/4.9.2/armv6-m/crti.o
                0x00000000080014ec                _fini
 .fini          0x00000000080014f0        0x8 /usr/lib/gcc/arm-none-eabi/4.9.2/armv6-m/crtn.o
                0x00000000080014f8                . = ALIGN (0x4)
                0x00000000080014f8                _etext = .

.vfp11_veneer   0x00000000080014f8        0x0
 .vfp11_veneer  0x00000000080014f8        0x0 linker stubs

.v4_bx          0x00000000080014f8        0x0
 .v4_bx         0x00000000080014f8        0x0 linker stubs

.iplt           0x00000000080014f8        0x0
 .iplt          0x00000000080014f8        0x0 /usr/lib/gcc/arm-none-eabi/4.9.2/armv6-m/crtbegin.o

.rodata         0x00000000080014f8       0x8c
                0x00000000080014f8                . = ALIGN (0x4)
 *(.rodata)
 *(.rodata*)
 .rodata.str1.1
                0x00000000080014f8       0x50 ./Src/main.o
 .rodata.APBAHBPrescTable
                0x0000000008001548       0x10 ./Lib/STM32Cube_FW_F0_V1.2.0/Drivers/STM32F0xx_HAL_Driver/Src/stm32f0xx_hal_rcc.o
                0x0000000008001548                APBAHBPrescTable
 .rodata.PredivFactorTable
                0x0000000008001558       0x10 ./Lib/STM32Cube_FW_F0_V1.2.0/Drivers/STM32F0xx_HAL_Driver/Src/stm32f0xx_hal_rcc_ex.o
                0x0000000008001558                PredivFactorTable
 .rodata.PLLMULFactorTable
                0x0000000008001568       0x10 ./Lib/STM32Cube_FW_F0_V1.2.0/Drivers/STM32F0xx_HAL_Driver/Src/stm32f0xx_hal_rcc_ex.o
                0x0000000008001568                PLLMULFactorTable
 .rodata.CSWTCH.38
                0x0000000008001578        0x4 ./Lib/STM32Cube_FW_F0_V1.2.0/Drivers/STM32F0xx_HAL_Driver/Src/stm32f0xx_hal_uart.o
 .rodata.str1.4
                0x000000000800157c        0x4 /usr/lib/gcc/arm-none-eabi/4.9.2/../../../../arm-none-eabi/lib/armv6-m/libc.a(lib_a-impure.o)
 .rodata._global_impure_ptr
                0x0000000008001580        0x4 /usr/lib/gcc/arm-none-eabi/4.9.2/../../../../arm-none-eabi/lib/armv6-m/libc.a(lib_a-impure.o)
                0x0000000008001580                _global_impure_ptr
                0x0000000008001584                . = ALIGN (0x4)

.rel.dyn        0x0000000008001584        0x0
 .rel.iplt      0x0000000008001584        0x0 /usr/lib/gcc/arm-none-eabi/4.9.2/armv6-m/crtbegin.o

.ARM.extab
 *(.ARM.extab* .gnu.linkonce.armextab.*)

.ARM            0x0000000008001584        0x0
                0x0000000008001584                __exidx_start = .
 *(.ARM.exidx*)
                0x0000000008001584                __exidx_end = .

.preinit_array  0x0000000008001584        0x0
                0x0000000008001584                PROVIDE (__preinit_array_start, .)
 *(.preinit_array*)
                0x0000000008001584                PROVIDE (__preinit_array_end, .)

.init_array     0x0000000008001584        0x8
                0x0000000008001584                PROVIDE (__init_array_start, .)
 *(SORT(.init_array.*))
 .init_array.00000
                0x0000000008001584        0x4 /usr/lib/gcc/arm-none-eabi/4.9.2/../../../../arm-none-eabi/lib/armv6-m/libc.a(lib_a-__call_atexit.o)
 *(.init_array*)
 .init_array    0x0000000008001588        0x4 /usr/lib/gcc/arm-none-eabi/4.9.2/armv6-m/crtbegin.o
                0x000000000800158c                PROVIDE (__init_array_end, .)

.fini_array     0x000000000800158c        0x4
                0x000000000800158c                PROVIDE (__fini_array_start, .)
 *(SORT(.fini_array.*))
 *(.fini_array*)
 .fini_array    0x000000000800158c        0x4 /usr/lib/gcc/arm-none-eabi/4.9.2/armv6-m/crtbegin.o
                0x0000000008001590                PROVIDE (__fini_array_end, .)
                0x0000000008001590                _sidata = LOADADDR (.data)

.data           0x0000000020000000      0x430 load address 0x0000000008001590
                0x0000000020000000                . = ALIGN (0x4)
                0x0000000020000000                _sdata = .
 *(.data)
 *(.data*)
 .data.SystemCoreClock
                0x0000000020000000        0x4 ./Src/system_stm32f0xx.o
                0x0000000020000000                SystemCoreClock
 *fill*         0x0000000020000004        0x4 
 .data.impure_data
                0x0000000020000008      0x428 /usr/lib/gcc/arm-none-eabi/4.9.2/../../../../arm-none-eabi/lib/armv6-m/libc.a(lib_a-impure.o)
                0x0000000020000430                . = ALIGN (0x4)
                0x0000000020000430                _edata = .

.jcr            0x0000000020000430        0x0 load address 0x00000000080019c0
 .jcr           0x0000000020000430        0x0 /usr/lib/gcc/arm-none-eabi/4.9.2/armv6-m/crtbegin.o

.igot.plt       0x0000000020000430        0x0 load address 0x00000000080019c0
 .igot.plt      0x0000000020000430        0x0 /usr/lib/gcc/arm-none-eabi/4.9.2/armv6-m/crtbegin.o
                0x0000000020000430                . = ALIGN (0x4)

.bss            0x0000000020000430      0x118 load address 0x00000000080019c0
                0x0000000020000430                _sbss = .
                0x0000000020000430                __bss_start__ = _sbss
 *(.bss)
 *(.bss*)
 .bss.completed.8095
                0x0000000020000430        0x1 /usr/lib/gcc/arm-none-eabi/4.9.2/armv6-m/crtbegin.o
 *fill*         0x0000000020000431        0x3 
 .bss.object.8100
                0x0000000020000434       0x18 /usr/lib/gcc/arm-none-eabi/4.9.2/armv6-m/crtbegin.o
 .bss.UartReady
                0x000000002000044c        0x1 ./Src/main.o
                0x000000002000044c                UartReady
 *fill*         0x000000002000044d        0x3 
 .bss.uwTick    0x0000000020000450        0x4 ./Lib/STM32Cube_FW_F0_V1.2.0/Drivers/STM32F0xx_HAL_Driver/Src/stm32f0xx_hal.o
 *(COMMON)
 COMMON         0x0000000020000454       0xf4 ./Src/main.o
                0x0000000020000454                hdma_rx
                0x000000002000048c                UartHandle
                0x00000000200004fc                hdma_tx
                0x0000000020000534                GPIO_InitStruct
                0x0000000020000548                . = ALIGN (0x4)
                0x0000000020000548                _ebss = .
                0x0000000020000548                __bss_end__ = _ebss

._user_heap_stack
                0x0000000020000548      0x600 load address 0x00000000080019c0
                0x0000000020000548                . = ALIGN (0x4)
                0x0000000020000548                PROVIDE (end, .)
                0x0000000020000548                PROVIDE (_end, .)
                0x0000000020000748                . = (. + _Min_Heap_Size)
 *fill*         0x0000000020000548      0x200 
                0x0000000020000b48                . = (. + _Min_Stack_Size)
 *fill*         0x0000000020000748      0x400 
                0x0000000020000b48                . = ALIGN (0x4)

/DISCARD/
 libc.a(*)
 libm.a(*)
 libgcc.a(*)

.ARM.attributes
                0x0000000000000000       0x28
 *(.ARM.attributes)
 .ARM.attributes
                0x0000000000000000       0x1e /usr/lib/gcc/arm-none-eabi/4.9.2/armv6-m/crti.o
 .ARM.attributes
                0x000000000000001e       0x2c /usr/lib/gcc/arm-none-eabi/4.9.2/armv6-m/crtbegin.o
 .ARM.attributes
                0x000000000000004a       0x31 ./Src/main.o
 .ARM.attributes
                0x000000000000007b       0x31 ./Src/stm32f0xx_it.o
 .ARM.attributes
                0x00000000000000ac       0x31 ./Src/system_stm32f0xx.o
 .ARM.attributes
                0x00000000000000dd       0x31 ./Lib/STM32Cube_FW_F0_V1.2.0/Drivers/STM32F0xx_HAL_Driver/Src/stm32f0xx_hal.o
 .ARM.attributes
                0x000000000000010e       0x31 ./Lib/STM32Cube_FW_F0_V1.2.0/Drivers/STM32F0xx_HAL_Driver/Src/stm32f0xx_hal_cortex.o
 .ARM.attributes
                0x000000000000013f       0x31 ./Lib/STM32Cube_FW_F0_V1.2.0/Drivers/STM32F0xx_HAL_Driver/Src/stm32f0xx_hal_dma.o
 .ARM.attributes
                0x0000000000000170       0x31 ./Lib/STM32Cube_FW_F0_V1.2.0/Drivers/STM32F0xx_HAL_Driver/Src/stm32f0xx_hal_gpio.o
 .ARM.attributes
                0x00000000000001a1       0x31 ./Lib/STM32Cube_FW_F0_V1.2.0/Drivers/STM32F0xx_HAL_Driver/Src/stm32f0xx_hal_rcc.o
 .ARM.attributes
                0x00000000000001d2       0x31 ./Lib/STM32Cube_FW_F0_V1.2.0/Drivers/STM32F0xx_HAL_Driver/Src/stm32f0xx_hal_rcc_ex.o
 .ARM.attributes
                0x0000000000000203       0x31 ./Lib/STM32Cube_FW_F0_V1.2.0/Drivers/STM32F0xx_HAL_Driver/Src/stm32f0xx_hal_uart.o
 .ARM.attributes
                0x0000000000000234       0x21 ./Lib/STM32Cube_FW_F0_V1.2.0/Drivers/CMSIS/Device/ST/STM32F0xx/Source/Templates/gcc/startup_stm32f030x6.o
 .ARM.attributes
                0x0000000000000255       0x1e /usr/lib/gcc/arm-none-eabi/4.9.2/armv6-m/crtn.o
START GROUP
LOAD /usr/lib/gcc/arm-none-eabi/4.9.2/armv6-m/libgcc.a
LOAD /usr/lib/gcc/arm-none-eabi/4.9.2/../../../../arm-none-eabi/lib/armv6-m/libg_nano.a
LOAD /usr/lib/gcc/arm-none-eabi/4.9.2/../../../../arm-none-eabi/lib/armv6-m/libc_nano.a
END GROUP
START GROUP
LOAD /usr/lib/gcc/arm-none-eabi/4.9.2/armv6-m/libgcc.a
LOAD /usr/lib/gcc/arm-none-eabi/4.9.2/../../../../arm-none-eabi/lib/armv6-m/libc_nano.a
LOAD /usr/lib/gcc/arm-none-eabi/4.9.2/../../../../arm-none-eabi/lib/armv6-m/libnosys.a
END GROUP
START GROUP
LOAD /usr/lib/gcc/arm-none-eabi/4.9.2/armv6-m/libgcc.a
LOAD /usr/lib/gcc/arm-none-eabi/4.9.2/../../../../arm-none-eabi/lib/armv6-m/libc_nano.a
LOAD /usr/lib/gcc/arm-none-eabi/4.9.2/../../../../arm-none-eabi/lib/armv6-m/libnosys.a
END GROUP
LOAD /usr/lib/gcc/arm-none-eabi/4.9.2/armv6-m/crtend.o
LOAD /usr/lib/gcc/arm-none-eabi/4.9.2/armv6-m/crtn.o
OUTPUT(main.elf elf32-littlearm)

.debug_info     0x0000000000000000     0x4c25
 .debug_info    0x0000000000000000      0xda4 ./Src/main.o
 .debug_info    0x0000000000000da4      0x5f4 ./Src/stm32f0xx_it.o
 .debug_info    0x0000000000001398      0x213 ./Src/system_stm32f0xx.o
 .debug_info    0x00000000000015ab      0x529 ./Lib/STM32Cube_FW_F0_V1.2.0/Drivers/STM32F0xx_HAL_Driver/Src/stm32f0xx_hal.o
 .debug_info    0x0000000000001ad4      0x735 ./Lib/STM32Cube_FW_F0_V1.2.0/Drivers/STM32F0xx_HAL_Driver/Src/stm32f0xx_hal_cortex.o
 .debug_info    0x0000000000002209      0x5e0 ./Lib/STM32Cube_FW_F0_V1.2.0/Drivers/STM32F0xx_HAL_Driver/Src/stm32f0xx_hal_dma.o
 .debug_info    0x00000000000027e9      0x5ac ./Lib/STM32Cube_FW_F0_V1.2.0/Drivers/STM32F0xx_HAL_Driver/Src/stm32f0xx_hal_gpio.o
 .debug_info    0x0000000000002d95      0x66b ./Lib/STM32Cube_FW_F0_V1.2.0/Drivers/STM32F0xx_HAL_Driver/Src/stm32f0xx_hal_rcc.o
 .debug_info    0x0000000000003400      0x5c0 ./Lib/STM32Cube_FW_F0_V1.2.0/Drivers/STM32F0xx_HAL_Driver/Src/stm32f0xx_hal_rcc_ex.o
 .debug_info    0x00000000000039c0     0x118e ./Lib/STM32Cube_FW_F0_V1.2.0/Drivers/STM32F0xx_HAL_Driver/Src/stm32f0xx_hal_uart.o
 .debug_info    0x0000000000004b4e       0xd7 ./Lib/STM32Cube_FW_F0_V1.2.0/Drivers/CMSIS/Device/ST/STM32F0xx/Source/Templates/gcc/startup_stm32f030x6.o

.debug_abbrev   0x0000000000000000     0x11af
 .debug_abbrev  0x0000000000000000      0x22f ./Src/main.o
 .debug_abbrev  0x000000000000022f      0x153 ./Src/stm32f0xx_it.o
 .debug_abbrev  0x0000000000000382       0xf9 ./Src/system_stm32f0xx.o
 .debug_abbrev  0x000000000000047b      0x1b2 ./Lib/STM32Cube_FW_F0_V1.2.0/Drivers/STM32F0xx_HAL_Driver/Src/stm32f0xx_hal.o
 .debug_abbrev  0x000000000000062d      0x23a ./Lib/STM32Cube_FW_F0_V1.2.0/Drivers/STM32F0xx_HAL_Driver/Src/stm32f0xx_hal_cortex.o
 .debug_abbrev  0x0000000000000867      0x1dd ./Lib/STM32Cube_FW_F0_V1.2.0/Drivers/STM32F0xx_HAL_Driver/Src/stm32f0xx_hal_dma.o
 .debug_abbrev  0x0000000000000a44      0x1b8 ./Lib/STM32Cube_FW_F0_V1.2.0/Drivers/STM32F0xx_HAL_Driver/Src/stm32f0xx_hal_gpio.o
 .debug_abbrev  0x0000000000000bfc      0x1c9 ./Lib/STM32Cube_FW_F0_V1.2.0/Drivers/STM32F0xx_HAL_Driver/Src/stm32f0xx_hal_rcc.o
 .debug_abbrev  0x0000000000000dc5      0x1d6 ./Lib/STM32Cube_FW_F0_V1.2.0/Drivers/STM32F0xx_HAL_Driver/Src/stm32f0xx_hal_rcc_ex.o
 .debug_abbrev  0x0000000000000f9b      0x202 ./Lib/STM32Cube_FW_F0_V1.2.0/Drivers/STM32F0xx_HAL_Driver/Src/stm32f0xx_hal_uart.o
 .debug_abbrev  0x000000000000119d       0x12 ./Lib/STM32Cube_FW_F0_V1.2.0/Drivers/CMSIS/Device/ST/STM32F0xx/Source/Templates/gcc/startup_stm32f030x6.o

.debug_loc      0x0000000000000000     0x202c
 .debug_loc     0x0000000000000000      0x1b1 ./Src/main.o
 .debug_loc     0x00000000000001b1      0x114 ./Src/system_stm32f0xx.o
 .debug_loc     0x00000000000002c5       0x6a ./Lib/STM32Cube_FW_F0_V1.2.0/Drivers/STM32F0xx_HAL_Driver/Src/stm32f0xx_hal.o
 .debug_loc     0x000000000000032f      0x233 ./Lib/STM32Cube_FW_F0_V1.2.0/Drivers/STM32F0xx_HAL_Driver/Src/stm32f0xx_hal_cortex.o
 .debug_loc     0x0000000000000562      0x56e ./Lib/STM32Cube_FW_F0_V1.2.0/Drivers/STM32F0xx_HAL_Driver/Src/stm32f0xx_hal_dma.o
 .debug_loc     0x0000000000000ad0      0x358 ./Lib/STM32Cube_FW_F0_V1.2.0/Drivers/STM32F0xx_HAL_Driver/Src/stm32f0xx_hal_gpio.o
 .debug_loc     0x0000000000000e28       0xbb ./Lib/STM32Cube_FW_F0_V1.2.0/Drivers/STM32F0xx_HAL_Driver/Src/stm32f0xx_hal_rcc.o
 .debug_loc     0x0000000000000ee3      0x461 ./Lib/STM32Cube_FW_F0_V1.2.0/Drivers/STM32F0xx_HAL_Driver/Src/stm32f0xx_hal_rcc_ex.o
 .debug_loc     0x0000000000001344      0xce8 ./Lib/STM32Cube_FW_F0_V1.2.0/Drivers/STM32F0xx_HAL_Driver/Src/stm32f0xx_hal_uart.o

.debug_aranges  0x0000000000000000      0x4d0
 .debug_aranges
                0x0000000000000000       0x58 ./Src/main.o
 .debug_aranges
                0x0000000000000058       0x50 ./Src/stm32f0xx_it.o
 .debug_aranges
                0x00000000000000a8       0x28 ./Src/system_stm32f0xx.o
 .debug_aranges
                0x00000000000000d0       0xa0 ./Lib/STM32Cube_FW_F0_V1.2.0/Drivers/STM32F0xx_HAL_Driver/Src/stm32f0xx_hal.o
 .debug_aranges
                0x0000000000000170       0x78 ./Lib/STM32Cube_FW_F0_V1.2.0/Drivers/STM32F0xx_HAL_Driver/Src/stm32f0xx_hal_cortex.o
 .debug_aranges
                0x00000000000001e8       0x60 ./Lib/STM32Cube_FW_F0_V1.2.0/Drivers/STM32F0xx_HAL_Driver/Src/stm32f0xx_hal_dma.o
 .debug_aranges
                0x0000000000000248       0x58 ./Lib/STM32Cube_FW_F0_V1.2.0/Drivers/STM32F0xx_HAL_Driver/Src/stm32f0xx_hal_gpio.o
 .debug_aranges
                0x00000000000002a0       0x80 ./Lib/STM32Cube_FW_F0_V1.2.0/Drivers/STM32F0xx_HAL_Driver/Src/stm32f0xx_hal_rcc.o
 .debug_aranges
                0x0000000000000320       0x40 ./Lib/STM32Cube_FW_F0_V1.2.0/Drivers/STM32F0xx_HAL_Driver/Src/stm32f0xx_hal_rcc_ex.o
 .debug_aranges
                0x0000000000000360      0x148 ./Lib/STM32Cube_FW_F0_V1.2.0/Drivers/STM32F0xx_HAL_Driver/Src/stm32f0xx_hal_uart.o
 .debug_aranges
                0x00000000000004a8       0x28 ./Lib/STM32Cube_FW_F0_V1.2.0/Drivers/CMSIS/Device/ST/STM32F0xx/Source/Templates/gcc/startup_stm32f030x6.o

.debug_ranges   0x0000000000000000      0x490
 .debug_ranges  0x0000000000000000       0x48 ./Src/main.o
 .debug_ranges  0x0000000000000048       0x40 ./Src/stm32f0xx_it.o
 .debug_ranges  0x0000000000000088       0x18 ./Src/system_stm32f0xx.o
 .debug_ranges  0x00000000000000a0       0x90 ./Lib/STM32Cube_FW_F0_V1.2.0/Drivers/STM32F0xx_HAL_Driver/Src/stm32f0xx_hal.o
 .debug_ranges  0x0000000000000130       0xd0 ./Lib/STM32Cube_FW_F0_V1.2.0/Drivers/STM32F0xx_HAL_Driver/Src/stm32f0xx_hal_cortex.o
 .debug_ranges  0x0000000000000200       0x50 ./Lib/STM32Cube_FW_F0_V1.2.0/Drivers/STM32F0xx_HAL_Driver/Src/stm32f0xx_hal_dma.o
 .debug_ranges  0x0000000000000250       0x48 ./Lib/STM32Cube_FW_F0_V1.2.0/Drivers/STM32F0xx_HAL_Driver/Src/stm32f0xx_hal_gpio.o
 .debug_ranges  0x0000000000000298       0x70 ./Lib/STM32Cube_FW_F0_V1.2.0/Drivers/STM32F0xx_HAL_Driver/Src/stm32f0xx_hal_rcc.o
 .debug_ranges  0x0000000000000308       0x30 ./Lib/STM32Cube_FW_F0_V1.2.0/Drivers/STM32F0xx_HAL_Driver/Src/stm32f0xx_hal_rcc_ex.o
 .debug_ranges  0x0000000000000338      0x138 ./Lib/STM32Cube_FW_F0_V1.2.0/Drivers/STM32F0xx_HAL_Driver/Src/stm32f0xx_hal_uart.o
 .debug_ranges  0x0000000000000470       0x20 ./Lib/STM32Cube_FW_F0_V1.2.0/Drivers/CMSIS/Device/ST/STM32F0xx/Source/Templates/gcc/startup_stm32f030x6.o

.debug_line     0x0000000000000000     0x2504
 .debug_line    0x0000000000000000      0x2ce ./Src/main.o
 .debug_line    0x00000000000002ce      0x1ec ./Src/stm32f0xx_it.o
 .debug_line    0x00000000000004ba      0x139 ./Src/system_stm32f0xx.o
 .debug_line    0x00000000000005f3      0x31a ./Lib/STM32Cube_FW_F0_V1.2.0/Drivers/STM32F0xx_HAL_Driver/Src/stm32f0xx_hal.o
 .debug_line    0x000000000000090d      0x301 ./Lib/STM32Cube_FW_F0_V1.2.0/Drivers/STM32F0xx_HAL_Driver/Src/stm32f0xx_hal_cortex.o
 .debug_line    0x0000000000000c0e      0x545 ./Lib/STM32Cube_FW_F0_V1.2.0/Drivers/STM32F0xx_HAL_Driver/Src/stm32f0xx_hal_dma.o
 .debug_line    0x0000000000001153      0x323 ./Lib/STM32Cube_FW_F0_V1.2.0/Drivers/STM32F0xx_HAL_Driver/Src/stm32f0xx_hal_gpio.o
 .debug_line    0x0000000000001476      0x302 ./Lib/STM32Cube_FW_F0_V1.2.0/Drivers/STM32F0xx_HAL_Driver/Src/stm32f0xx_hal_rcc.o
 .debug_line    0x0000000000001778      0x398 ./Lib/STM32Cube_FW_F0_V1.2.0/Drivers/STM32F0xx_HAL_Driver/Src/stm32f0xx_hal_rcc_ex.o
 .debug_line    0x0000000000001b10      0x92a ./Lib/STM32Cube_FW_F0_V1.2.0/Drivers/STM32F0xx_HAL_Driver/Src/stm32f0xx_hal_uart.o
 .debug_line    0x000000000000243a       0xca ./Lib/STM32Cube_FW_F0_V1.2.0/Drivers/CMSIS/Device/ST/STM32F0xx/Source/Templates/gcc/startup_stm32f030x6.o

.debug_str      0x0000000000000000     0x185e
 .debug_str     0x0000000000000000      0x9f1 ./Src/main.o
                                        0xa7f (size before relaxing)
 .debug_str     0x00000000000009f1       0x8b ./Src/stm32f0xx_it.o
                                        0x688 (size before relaxing)
 .debug_str     0x0000000000000a7c       0x67 ./Src/system_stm32f0xx.o
                                        0x26f (size before relaxing)
 .debug_str     0x0000000000000ae3      0x1d7 ./Lib/STM32Cube_FW_F0_V1.2.0/Drivers/STM32F0xx_HAL_Driver/Src/stm32f0xx_hal.o
                                        0x54e (size before relaxing)
 .debug_str     0x0000000000000cba      0x214 ./Lib/STM32Cube_FW_F0_V1.2.0/Drivers/STM32F0xx_HAL_Driver/Src/stm32f0xx_hal_cortex.o
                                        0x5c2 (size before relaxing)
 .debug_str     0x0000000000000ece      0x165 ./Lib/STM32Cube_FW_F0_V1.2.0/Drivers/STM32F0xx_HAL_Driver/Src/stm32f0xx_hal_dma.o
                                        0x514 (size before relaxing)
 .debug_str     0x0000000000001033      0x139 ./Lib/STM32Cube_FW_F0_V1.2.0/Drivers/STM32F0xx_HAL_Driver/Src/stm32f0xx_hal_gpio.o
                                        0x42d (size before relaxing)
 .debug_str     0x000000000000116c      0x196 ./Lib/STM32Cube_FW_F0_V1.2.0/Drivers/STM32F0xx_HAL_Driver/Src/stm32f0xx_hal_rcc.o
                                        0x5a0 (size before relaxing)
 .debug_str     0x0000000000001302      0x159 ./Lib/STM32Cube_FW_F0_V1.2.0/Drivers/STM32F0xx_HAL_Driver/Src/stm32f0xx_hal_rcc_ex.o
                                        0x530 (size before relaxing)
 .debug_str     0x000000000000145b      0x403 ./Lib/STM32Cube_FW_F0_V1.2.0/Drivers/STM32F0xx_HAL_Driver/Src/stm32f0xx_hal_uart.o
                                        0xb15 (size before relaxing)

.comment        0x0000000000000000       0x33
 .comment       0x0000000000000000       0x33 ./Src/main.o
                                         0x34 (size before relaxing)
 .comment       0x0000000000000033       0x34 ./Src/stm32f0xx_it.o
 .comment       0x0000000000000033       0x34 ./Src/system_stm32f0xx.o
 .comment       0x0000000000000033       0x34 ./Lib/STM32Cube_FW_F0_V1.2.0/Drivers/STM32F0xx_HAL_Driver/Src/stm32f0xx_hal.o
 .comment       0x0000000000000033       0x34 ./Lib/STM32Cube_FW_F0_V1.2.0/Drivers/STM32F0xx_HAL_Driver/Src/stm32f0xx_hal_cortex.o
 .comment       0x0000000000000033       0x34 ./Lib/STM32Cube_FW_F0_V1.2.0/Drivers/STM32F0xx_HAL_Driver/Src/stm32f0xx_hal_dma.o
 .comment       0x0000000000000033       0x34 ./Lib/STM32Cube_FW_F0_V1.2.0/Drivers/STM32F0xx_HAL_Driver/Src/stm32f0xx_hal_gpio.o
 .comment       0x0000000000000033       0x34 ./Lib/STM32Cube_FW_F0_V1.2.0/Drivers/STM32F0xx_HAL_Driver/Src/stm32f0xx_hal_rcc.o
 .comment       0x0000000000000033       0x34 ./Lib/STM32Cube_FW_F0_V1.2.0/Drivers/STM32F0xx_HAL_Driver/Src/stm32f0xx_hal_rcc_ex.o
 .comment       0x0000000000000033       0x34 ./Lib/STM32Cube_FW_F0_V1.2.0/Drivers/STM32F0xx_HAL_Driver/Src/stm32f0xx_hal_uart.o

.debug_frame    0x0000000000000000      0xb18
 .debug_frame   0x0000000000000000       0xd4 ./Src/main.o
 .debug_frame   0x00000000000000d4       0x9c ./Src/stm32f0xx_it.o
 .debug_frame   0x0000000000000170       0x3c ./Src/system_stm32f0xx.o
 .debug_frame   0x00000000000001ac      0x148 ./Lib/STM32Cube_FW_F0_V1.2.0/Drivers/STM32F0xx_HAL_Driver/Src/stm32f0xx_hal.o
 .debug_frame   0x00000000000002f4       0xe4 ./Lib/STM32Cube_FW_F0_V1.2.0/Drivers/STM32F0xx_HAL_Driver/Src/stm32f0xx_hal_cortex.o
 .debug_frame   0x00000000000003d8      0x100 ./Lib/STM32Cube_FW_F0_V1.2.0/Drivers/STM32F0xx_HAL_Driver/Src/stm32f0xx_hal_dma.o
 .debug_frame   0x00000000000004d8       0xc4 ./Lib/STM32Cube_FW_F0_V1.2.0/Drivers/STM32F0xx_HAL_Driver/Src/stm32f0xx_hal_gpio.o
 .debug_frame   0x000000000000059c      0x110 ./Lib/STM32Cube_FW_F0_V1.2.0/Drivers/STM32F0xx_HAL_Driver/Src/stm32f0xx_hal_rcc.o
 .debug_frame   0x00000000000006ac       0xa4 ./Lib/STM32Cube_FW_F0_V1.2.0/Drivers/STM32F0xx_HAL_Driver/Src/stm32f0xx_hal_rcc_ex.o
 .debug_frame   0x0000000000000750      0x3c8 ./Lib/STM32Cube_FW_F0_V1.2.0/Drivers/STM32F0xx_HAL_Driver/Src/stm32f0xx_hal_uart.o
