Archive member included to satisfy reference by file (symbol)

/usr/lib/gcc/arm-none-eabi/4.9.2/../../../../arm-none-eabi/lib/armv6-m/libc.a(lib_a-atexit.o)
                              /usr/lib/gcc/arm-none-eabi/4.9.2/../../../../arm-none-eabi/lib/armv6-m/crt0.o (atexit)
/usr/lib/gcc/arm-none-eabi/4.9.2/../../../../arm-none-eabi/lib/armv6-m/libc.a(lib_a-exit.o)
                              /usr/lib/gcc/arm-none-eabi/4.9.2/../../../../arm-none-eabi/lib/armv6-m/crt0.o (exit)
/usr/lib/gcc/arm-none-eabi/4.9.2/../../../../arm-none-eabi/lib/armv6-m/libc.a(lib_a-fini.o)
                              /usr/lib/gcc/arm-none-eabi/4.9.2/../../../../arm-none-eabi/lib/armv6-m/crt0.o (__libc_fini_array)
/usr/lib/gcc/arm-none-eabi/4.9.2/../../../../arm-none-eabi/lib/armv6-m/libc.a(lib_a-impure.o)
                              /usr/lib/gcc/arm-none-eabi/4.9.2/../../../../arm-none-eabi/lib/armv6-m/libc.a(lib_a-exit.o) (_global_impure_ptr)
/usr/lib/gcc/arm-none-eabi/4.9.2/../../../../arm-none-eabi/lib/armv6-m/libc.a(lib_a-init.o)
                              /usr/lib/gcc/arm-none-eabi/4.9.2/../../../../arm-none-eabi/lib/armv6-m/crt0.o (__libc_init_array)
/usr/lib/gcc/arm-none-eabi/4.9.2/../../../../arm-none-eabi/lib/armv6-m/libc.a(lib_a-memset.o)
                              /usr/lib/gcc/arm-none-eabi/4.9.2/../../../../arm-none-eabi/lib/armv6-m/crt0.o (memset)
/usr/lib/gcc/arm-none-eabi/4.9.2/../../../../arm-none-eabi/lib/armv6-m/libc.a(lib_a-__atexit.o)
                              /usr/lib/gcc/arm-none-eabi/4.9.2/../../../../arm-none-eabi/lib/armv6-m/libc.a(lib_a-atexit.o) (__register_exitproc)
/usr/lib/gcc/arm-none-eabi/4.9.2/../../../../arm-none-eabi/lib/armv6-m/libc.a(lib_a-__call_atexit.o)
                              /usr/lib/gcc/arm-none-eabi/4.9.2/../../../../arm-none-eabi/lib/armv6-m/libc.a(lib_a-exit.o) (__call_exitprocs)
/usr/lib/gcc/arm-none-eabi/4.9.2/armv6-m/libgcc.a(_thumb1_case_uqi.o)
                              ./Lib/STM32Cube_FW_F0_V1.2.0/Drivers/STM32F0xx_HAL_Driver/Src/stm32f0xx_hal_tim.o (__gnu_thumb1_case_uqi)
/usr/lib/gcc/arm-none-eabi/4.9.2/armv6-m/libgcc.a(_udivsi3.o)
                              ./Src/main.o (__aeabi_uidiv)
/usr/lib/gcc/arm-none-eabi/4.9.2/armv6-m/libgcc.a(_dvmd_tls.o)
                              /usr/lib/gcc/arm-none-eabi/4.9.2/armv6-m/libgcc.a(_udivsi3.o) (__aeabi_idiv0)
/usr/lib/gcc/arm-none-eabi/4.9.2/armv6-m/libgcc.a(_lshrdi3.o)
                              ./Lib/STM32Cube_FW_F0_V1.2.0/Drivers/STM32F0xx_HAL_Driver/Src/stm32f0xx_hal_flash.o (__aeabi_llsr)
/usr/lib/gcc/arm-none-eabi/4.9.2/../../../../arm-none-eabi/lib/armv6-m/libnosys.a(_exit.o)
                              /usr/lib/gcc/arm-none-eabi/4.9.2/../../../../arm-none-eabi/lib/armv6-m/libc.a(lib_a-exit.o) (_exit)

Allocating common symbols
Common symbol       size              file

pFlash              0x20              ./Lib/STM32Cube_FW_F0_V1.2.0/Drivers/STM32F0xx_HAL_Driver/Src/stm32f0xx_hal_flash.o
TIM_HandleStruct    0x3c              ./Src/main.o
GPIO_InitStruct     0x14              ./Src/main.o
TIM_OC_InitStruct   0x1c              ./Src/main.o

Discarded input sections

 .text          0x0000000000000000        0x0 /usr/lib/gcc/arm-none-eabi/4.9.2/armv6-m/crti.o
 .data          0x0000000000000000        0x0 /usr/lib/gcc/arm-none-eabi/4.9.2/armv6-m/crti.o
 .bss           0x0000000000000000        0x0 /usr/lib/gcc/arm-none-eabi/4.9.2/armv6-m/crti.o
 .text          0x0000000000000000        0x0 /usr/lib/gcc/arm-none-eabi/4.9.2/armv6-m/crtbegin.o
 .data          0x0000000000000000        0x0 /usr/lib/gcc/arm-none-eabi/4.9.2/armv6-m/crtbegin.o
 .bss           0x0000000000000000        0x0 /usr/lib/gcc/arm-none-eabi/4.9.2/armv6-m/crtbegin.o
 .data.__dso_handle
                0x0000000000000000        0x4 /usr/lib/gcc/arm-none-eabi/4.9.2/armv6-m/crtbegin.o
 .text          0x0000000000000000       0x6c /usr/lib/gcc/arm-none-eabi/4.9.2/../../../../arm-none-eabi/lib/armv6-m/crt0.o
 .data          0x0000000000000000        0x0 /usr/lib/gcc/arm-none-eabi/4.9.2/../../../../arm-none-eabi/lib/armv6-m/crt0.o
 .bss           0x0000000000000000        0x0 /usr/lib/gcc/arm-none-eabi/4.9.2/../../../../arm-none-eabi/lib/armv6-m/crt0.o
 .ARM.extab     0x0000000000000000        0x0 /usr/lib/gcc/arm-none-eabi/4.9.2/../../../../arm-none-eabi/lib/armv6-m/crt0.o
 .ARM.exidx     0x0000000000000000        0x8 /usr/lib/gcc/arm-none-eabi/4.9.2/../../../../arm-none-eabi/lib/armv6-m/crt0.o
 .ARM.attributes
                0x0000000000000000       0x1b /usr/lib/gcc/arm-none-eabi/4.9.2/../../../../arm-none-eabi/lib/armv6-m/crt0.o
 .text          0x0000000000000000        0x0 ./Src/main.o
 .data          0x0000000000000000        0x0 ./Src/main.o
 .bss           0x0000000000000000        0x0 ./Src/main.o
 .text          0x0000000000000000        0x0 ./Src/stm32f0xx_it.o
 .data          0x0000000000000000        0x0 ./Src/stm32f0xx_it.o
 .bss           0x0000000000000000        0x0 ./Src/stm32f0xx_it.o
[...]
Memory Configuration

Name             Origin             Length             Attributes
FLASH            0x0000000008000000 0x0000000000004000 xr
RAM              0x0000000020000000 0x0000000000001000 xrw
*default*        0x0000000000000000 0xffffffffffffffff

Linker script and memory map

LOAD /usr/lib/gcc/arm-none-eabi/4.9.2/armv6-m/crti.o
LOAD /usr/lib/gcc/arm-none-eabi/4.9.2/armv6-m/crtbegin.o
LOAD /usr/lib/gcc/arm-none-eabi/4.9.2/../../../../arm-none-eabi/lib/armv6-m/crt0.o
LOAD ./Src/main.o
LOAD ./Src/stm32f0xx_it.o
LOAD ./Src/system_stm32f0xx.o
LOAD ./Lib/STM32Cube_FW_F0_V1.2.0/Drivers/STM32F0xx_HAL_Driver/Src/stm32f0xx_hal.o
LOAD ./Lib/STM32Cube_FW_F0_V1.2.0/Drivers/STM32F0xx_HAL_Driver/Src/stm32f0xx_hal_cortex.o
LOAD ./Lib/STM32Cube_FW_F0_V1.2.0/Drivers/STM32F0xx_HAL_Driver/Src/stm32f0xx_hal_adc.o
LOAD ./Lib/STM32Cube_FW_F0_V1.2.0/Drivers/STM32F0xx_HAL_Driver/Src/stm32f0xx_hal_adc_ex.o
LOAD ./Lib/STM32Cube_FW_F0_V1.2.0/Drivers/STM32F0xx_HAL_Driver/Src/stm32f0xx_hal_cec.o
LOAD ./Lib/STM32Cube_FW_F0_V1.2.0/Drivers/STM32F0xx_HAL_Driver/Src/stm32f0xx_hal_comp.o
LOAD ./Lib/STM32Cube_FW_F0_V1.2.0/Drivers/STM32F0xx_HAL_Driver/Src/stm32f0xx_hal_crc.o
LOAD ./Lib/STM32Cube_FW_F0_V1.2.0/Drivers/STM32F0xx_HAL_Driver/Src/stm32f0xx_hal_crc_ex.o
LOAD ./Lib/STM32Cube_FW_F0_V1.2.0/Drivers/STM32F0xx_HAL_Driver/Src/stm32f0xx_hal_dac.o
LOAD ./Lib/STM32Cube_FW_F0_V1.2.0/Drivers/STM32F0xx_HAL_Driver/Src/stm32f0xx_hal_dac_ex.o
LOAD ./Lib/STM32Cube_FW_F0_V1.2.0/Drivers/STM32F0xx_HAL_Driver/Src/stm32f0xx_hal_dma.o
LOAD ./Lib/STM32Cube_FW_F0_V1.2.0/Drivers/STM32F0xx_HAL_Driver/Src/stm32f0xx_hal_flash.o
LOAD ./Lib/STM32Cube_FW_F0_V1.2.0/Drivers/STM32F0xx_HAL_Driver/Src/stm32f0xx_hal_flash_ex.o
LOAD ./Lib/STM32Cube_FW_F0_V1.2.0/Drivers/STM32F0xx_HAL_Driver/Src/stm32f0xx_hal_gpio.o
LOAD ./Lib/STM32Cube_FW_F0_V1.2.0/Drivers/STM32F0xx_HAL_Driver/Src/stm32f0xx_hal_i2c.o
LOAD ./Lib/STM32Cube_FW_F0_V1.2.0/Drivers/STM32F0xx_HAL_Driver/Src/stm32f0xx_hal_i2c_ex.o
LOAD ./Lib/STM32Cube_FW_F0_V1.2.0/Drivers/STM32F0xx_HAL_Driver/Src/stm32f0xx_hal_i2s.o
LOAD ./Lib/STM32Cube_FW_F0_V1.2.0/Drivers/STM32F0xx_HAL_Driver/Src/stm32f0xx_hal_irda.o
LOAD ./Lib/STM32Cube_FW_F0_V1.2.0/Drivers/STM32F0xx_HAL_Driver/Src/stm32f0xx_hal_iwdg.o
LOAD ./Lib/STM32Cube_FW_F0_V1.2.0/Drivers/STM32F0xx_HAL_Driver/Src/stm32f0xx_hal_pcd.o
LOAD ./Lib/STM32Cube_FW_F0_V1.2.0/Drivers/STM32F0xx_HAL_Driver/Src/stm32f0xx_hal_pcd_ex.o
LOAD ./Lib/STM32Cube_FW_F0_V1.2.0/Drivers/STM32F0xx_HAL_Driver/Src/stm32f0xx_hal_pwr.o
LOAD ./Lib/STM32Cube_FW_F0_V1.2.0/Drivers/STM32F0xx_HAL_Driver/Src/stm32f0xx_hal_pwr_ex.o
LOAD ./Lib/STM32Cube_FW_F0_V1.2.0/Drivers/STM32F0xx_HAL_Driver/Src/stm32f0xx_hal_rcc.o
LOAD ./Lib/STM32Cube_FW_F0_V1.2.0/Drivers/STM32F0xx_HAL_Driver/Src/stm32f0xx_hal_rcc_ex.o
LOAD ./Lib/STM32Cube_FW_F0_V1.2.0/Drivers/STM32F0xx_HAL_Driver/Src/stm32f0xx_hal_rtc.o
LOAD ./Lib/STM32Cube_FW_F0_V1.2.0/Drivers/STM32F0xx_HAL_Driver/Src/stm32f0xx_hal_rtc_ex.o
LOAD ./Lib/STM32Cube_FW_F0_V1.2.0/Drivers/STM32F0xx_HAL_Driver/Src/stm32f0xx_hal_smartcard.o
LOAD ./Lib/STM32Cube_FW_F0_V1.2.0/Drivers/STM32F0xx_HAL_Driver/Src/stm32f0xx_hal_smartcard_ex.o
LOAD ./Lib/STM32Cube_FW_F0_V1.2.0/Drivers/STM32F0xx_HAL_Driver/Src/stm32f0xx_hal_smbus.o
LOAD ./Lib/STM32Cube_FW_F0_V1.2.0/Drivers/STM32F0xx_HAL_Driver/Src/stm32f0xx_hal_spi.o
LOAD ./Lib/STM32Cube_FW_F0_V1.2.0/Drivers/STM32F0xx_HAL_Driver/Src/stm32f0xx_hal_tim.o
LOAD ./Lib/STM32Cube_FW_F0_V1.2.0/Drivers/STM32F0xx_HAL_Driver/Src/stm32f0xx_hal_tim_ex.o
LOAD ./Lib/STM32Cube_FW_F0_V1.2.0/Drivers/STM32F0xx_HAL_Driver/Src/stm32f0xx_hal_tsc.o
LOAD ./Lib/STM32Cube_FW_F0_V1.2.0/Drivers/STM32F0xx_HAL_Driver/Src/stm32f0xx_hal_uart.o
LOAD ./Lib/STM32Cube_FW_F0_V1.2.0/Drivers/STM32F0xx_HAL_Driver/Src/stm32f0xx_hal_uart_ex.o
LOAD ./Lib/STM32Cube_FW_F0_V1.2.0/Drivers/STM32F0xx_HAL_Driver/Src/stm32f0xx_hal_usart.o
LOAD ./Lib/STM32Cube_FW_F0_V1.2.0/Drivers/STM32F0xx_HAL_Driver/Src/stm32f0xx_hal_wwdg.o
LOAD ./Lib/STM32Cube_FW_F0_V1.2.0/Drivers/CMSIS/Device/ST/STM32F0xx/Source/Templates/gcc/startup_stm32f030x6.o
                0x0000000020001000                _estack = 0x20001000
                0x0000000000000200                _Min_Heap_Size = 0x200
                0x0000000000000400                _Min_Stack_Size = 0x400

.isr_vector     0x0000000008000000       0xc0
                0x0000000008000000                . = ALIGN (0x4)
 *(.isr_vector)
 .isr_vector    0x0000000008000000       0xc0 ./Lib/STM32Cube_FW_F0_V1.2.0/Drivers/CMSIS/Device/ST/STM32F0xx/Source/Templates/gcc/startup_stm32f030x6.o
                0x0000000008000000                g_pfnVectors
                0x00000000080000c0                . = ALIGN (0x4)

.text           0x00000000080000c0     0x1078
                0x00000000080000c0                . = ALIGN (0x4)
 *(.text)
 .text          0x00000000080000c0       0x14 /usr/lib/gcc/arm-none-eabi/4.9.2/armv6-m/libgcc.a(_thumb1_case_uqi.o)
                0x00000000080000c0                __gnu_thumb1_case_uqi
 .text          0x00000000080000d4       0x9c /usr/lib/gcc/arm-none-eabi/4.9.2/armv6-m/libgcc.a(_udivsi3.o)
                0x00000000080000d4                __udivsi3
                0x00000000080000d4                __aeabi_uidiv
                0x000000000800015c                __aeabi_uidivmod
 .text          0x0000000008000170        0x4 /usr/lib/gcc/arm-none-eabi/4.9.2/armv6-m/libgcc.a(_dvmd_tls.o)
                0x0000000008000170                __aeabi_ldiv0
                0x0000000008000170                __aeabi_idiv0
 *(.text*)
 .text.__do_global_dtors_aux
                0x0000000008000174       0x2c /usr/lib/gcc/arm-none-eabi/4.9.2/armv6-m/crtbegin.o
 .text.frame_dummy
                0x00000000080001a0       0x38 /usr/lib/gcc/arm-none-eabi/4.9.2/armv6-m/crtbegin.o
 .text.startup.main
                0x00000000080001d8      0x16c ./Src/main.o
                0x00000000080001d8                main
 .text.NMI_Handler
                0x0000000008000344        0x2 ./Src/stm32f0xx_it.o
                0x0000000008000344                NMI_Handler
 .text.HardFault_Handler
                0x0000000008000346        0x2 ./Src/stm32f0xx_it.o
                0x0000000008000346                HardFault_Handler
 .text.SVC_Handler
                0x0000000008000348        0x2 ./Src/stm32f0xx_it.o
                0x0000000008000348                SVC_Handler
 .text.PendSV_Handler
                0x000000000800034a        0x2 ./Src/stm32f0xx_it.o
                0x000000000800034a                PendSV_Handler
 .text.SysTick_Handler
                0x000000000800034c        0xc ./Src/stm32f0xx_it.o
                0x000000000800034c                SysTick_Handler
 .text.SystemInit
                0x0000000008000358       0x60 ./Src/system_stm32f0xx.o
                0x0000000008000358                SystemInit
 .text.HAL_MspInit
                0x00000000080003b8        0x2 ./Lib/STM32Cube_FW_F0_V1.2.0/Drivers/STM32F0xx_HAL_Driver/Src/stm32f0xx_hal.o
                0x00000000080003b8                HAL_MspInit
 *fill*         0x00000000080003ba        0x2 
 .text.HAL_InitTick
                0x00000000080003bc       0x34 ./Lib/STM32Cube_FW_F0_V1.2.0/Drivers/STM32F0xx_HAL_Driver/Src/stm32f0xx_hal.o
                0x00000000080003bc                HAL_InitTick
 .text.HAL_Init
                0x00000000080003f0       0x28 ./Lib/STM32Cube_FW_F0_V1.2.0/Drivers/STM32F0xx_HAL_Driver/Src/stm32f0xx_hal.o
                0x00000000080003f0                HAL_Init
 .text.HAL_IncTick
                0x0000000008000418       0x10 ./Lib/STM32Cube_FW_F0_V1.2.0/Drivers/STM32F0xx_HAL_Driver/Src/stm32f0xx_hal.o
                0x0000000008000418                HAL_IncTick
 .text.HAL_GetTick
                0x0000000008000428        0xc ./Lib/STM32Cube_FW_F0_V1.2.0/Drivers/STM32F0xx_HAL_Driver/Src/stm32f0xx_hal.o
                0x0000000008000428                HAL_GetTick
 .text.HAL_Delay
                0x0000000008000434       0x1c ./Lib/STM32Cube_FW_F0_V1.2.0/Drivers/STM32F0xx_HAL_Driver/Src/stm32f0xx_hal.o
                0x0000000008000434                HAL_Delay
 .text.HAL_NVIC_SetPriority
                0x0000000008000450       0x64 ./Lib/STM32Cube_FW_F0_V1.2.0/Drivers/STM32F0xx_HAL_Driver/Src/stm32f0xx_hal_cortex.o
                0x0000000008000450                HAL_NVIC_SetPriority
 .text.HAL_SYSTICK_Config
                0x00000000080004b4       0x34 ./Lib/STM32Cube_FW_F0_V1.2.0/Drivers/STM32F0xx_HAL_Driver/Src/stm32f0xx_hal_cortex.o
                0x00000000080004b4                HAL_SYSTICK_Config
 .text.HAL_GPIO_Init
                0x00000000080004e8      0x150 ./Lib/STM32Cube_FW_F0_V1.2.0/Drivers/STM32F0xx_HAL_Driver/Src/stm32f0xx_hal_gpio.o
                0x00000000080004e8                HAL_GPIO_Init
 .text.HAL_RCC_GetHCLKFreq
                0x0000000008000638       0x2c ./Lib/STM32Cube_FW_F0_V1.2.0/Drivers/STM32F0xx_HAL_Driver/Src/stm32f0xx_hal_rcc.o
                0x0000000008000638                HAL_RCC_GetHCLKFreq
 .text.HAL_RCC_OscConfig
                0x0000000008000664      0x328 ./Lib/STM32Cube_FW_F0_V1.2.0/Drivers/STM32F0xx_HAL_Driver/Src/stm32f0xx_hal_rcc_ex.o
                0x0000000008000664                HAL_RCC_OscConfig
 .text.HAL_RCC_ClockConfig
                0x000000000800098c      0x1ac ./Lib/STM32Cube_FW_F0_V1.2.0/Drivers/STM32F0xx_HAL_Driver/Src/stm32f0xx_hal_rcc_ex.o
                0x000000000800098c                HAL_RCC_ClockConfig
 .text.HAL_RCC_GetSysClockFreq
                0x0000000008000b38       0x50 ./Lib/STM32Cube_FW_F0_V1.2.0/Drivers/STM32F0xx_HAL_Driver/Src/stm32f0xx_hal_rcc_ex.o
                0x0000000008000b38                HAL_RCC_GetSysClockFreq
 .text.TIM_OC1_SetConfig
                0x0000000008000b88       0x78 ./Lib/STM32Cube_FW_F0_V1.2.0/Drivers/STM32F0xx_HAL_Driver/Src/stm32f0xx_hal_tim.o
 .text.TIM_OC3_SetConfig
                0x0000000008000c00       0x80 ./Lib/STM32Cube_FW_F0_V1.2.0/Drivers/STM32F0xx_HAL_Driver/Src/stm32f0xx_hal_tim.o
 .text.TIM_OC4_SetConfig
                0x0000000008000c80       0x68 ./Lib/STM32Cube_FW_F0_V1.2.0/Drivers/STM32F0xx_HAL_Driver/Src/stm32f0xx_hal_tim.o
 .text.HAL_TIM_PWM_MspInit
                0x0000000008000ce8        0x2 ./Lib/STM32Cube_FW_F0_V1.2.0/Drivers/STM32F0xx_HAL_Driver/Src/stm32f0xx_hal_tim.o
                0x0000000008000ce8                HAL_TIM_PWM_MspInit
 *fill*         0x0000000008000cea        0x2 
 .text.TIM_Base_SetConfig
                0x0000000008000cec       0x78 ./Lib/STM32Cube_FW_F0_V1.2.0/Drivers/STM32F0xx_HAL_Driver/Src/stm32f0xx_hal_tim.o
                0x0000000008000cec                TIM_Base_SetConfig
 .text.HAL_TIM_PWM_Init
                0x0000000008000d64       0x38 ./Lib/STM32Cube_FW_F0_V1.2.0/Drivers/STM32F0xx_HAL_Driver/Src/stm32f0xx_hal_tim.o
                0x0000000008000d64                HAL_TIM_PWM_Init
 .text.TIM_OC2_SetConfig
                0x0000000008000d9c       0x78 ./Lib/STM32Cube_FW_F0_V1.2.0/Drivers/STM32F0xx_HAL_Driver/Src/stm32f0xx_hal_tim.o
                0x0000000008000d9c                TIM_OC2_SetConfig
 .text.HAL_TIM_PWM_ConfigChannel
                0x0000000008000e14       0xf4 ./Lib/STM32Cube_FW_F0_V1.2.0/Drivers/STM32F0xx_HAL_Driver/Src/stm32f0xx_hal_tim.o
                0x0000000008000e14                HAL_TIM_PWM_ConfigChannel
 .text.TIM_CCxChannelCmd
                0x0000000008000f08       0x16 ./Lib/STM32Cube_FW_F0_V1.2.0/Drivers/STM32F0xx_HAL_Driver/Src/stm32f0xx_hal_tim.o
                0x0000000008000f08                TIM_CCxChannelCmd
 *fill*         0x0000000008000f1e        0x2 
 .text.HAL_TIM_PWM_Start
                0x0000000008000f20       0x48 ./Lib/STM32Cube_FW_F0_V1.2.0/Drivers/STM32F0xx_HAL_Driver/Src/stm32f0xx_hal_tim.o
                0x0000000008000f20                HAL_TIM_PWM_Start
 .text.Reset_Handler
                0x0000000008000f68       0x50 ./Lib/STM32Cube_FW_F0_V1.2.0/Drivers/CMSIS/Device/ST/STM32F0xx/Source/Templates/gcc/startup_stm32f030x6.o
                0x0000000008000f68                Reset_Handler
 .text.Default_Handler
                0x0000000008000fb8        0x2 ./Lib/STM32Cube_FW_F0_V1.2.0/Drivers/CMSIS/Device/ST/STM32F0xx/Source/Templates/gcc/startup_stm32f030x6.o
                0x0000000008000fb8                TIM1_CC_IRQHandler
                0x0000000008000fb8                I2C1_IRQHandler
                0x0000000008000fb8                SPI1_IRQHandler
                0x0000000008000fb8                EXTI2_3_IRQHandler
                0x0000000008000fb8                ADC1_IRQHandler
                0x0000000008000fb8                TIM17_IRQHandler
                0x0000000008000fb8                RTC_IRQHandler
                0x0000000008000fb8                TIM16_IRQHandler
                0x0000000008000fb8                TIM3_IRQHandler
                0x0000000008000fb8                EXTI4_15_IRQHandler
                0x0000000008000fb8                RCC_IRQHandler
                0x0000000008000fb8                DMA1_Channel1_IRQHandler
                0x0000000008000fb8                Default_Handler
                0x0000000008000fb8                TIM14_IRQHandler
                0x0000000008000fb8                DMA1_Channel4_5_IRQHandler
                0x0000000008000fb8                EXTI0_1_IRQHandler
                0x0000000008000fb8                WWDG_IRQHandler
                0x0000000008000fb8                DMA1_Channel2_3_IRQHandler
                0x0000000008000fb8                FLASH_IRQHandler
                0x0000000008000fb8                USART1_IRQHandler
                0x0000000008000fb8                TIM1_BRK_UP_TRG_COM_IRQHandler
 *fill*         0x0000000008000fba        0x2 
 .text.atexit   0x0000000008000fbc       0x10 /usr/lib/gcc/arm-none-eabi/4.9.2/../../../../arm-none-eabi/lib/armv6-m/libc.a(lib_a-atexit.o)
                0x0000000008000fbc                atexit
 .text.__libc_fini_array
                0x0000000008000fcc       0x34 /usr/lib/gcc/arm-none-eabi/4.9.2/../../../../arm-none-eabi/lib/armv6-m/libc.a(lib_a-fini.o)
                0x0000000008000fcc                __libc_fini_array
 .text.__libc_init_array
                0x0000000008001000       0x48 /usr/lib/gcc/arm-none-eabi/4.9.2/../../../../arm-none-eabi/lib/armv6-m/libc.a(lib_a-init.o)
                0x0000000008001000                __libc_init_array
 .text.__register_exitproc
                0x0000000008001048       0xc0 /usr/lib/gcc/arm-none-eabi/4.9.2/../../../../arm-none-eabi/lib/armv6-m/libc.a(lib_a-__atexit.o)
                0x0000000008001048                __register_exitproc
 .text.startup.register_fini
                0x0000000008001108       0x18 /usr/lib/gcc/arm-none-eabi/4.9.2/../../../../arm-none-eabi/lib/armv6-m/libc.a(lib_a-__call_atexit.o)
 *(.glue_7)
 .glue_7        0x0000000008001120        0x0 linker stubs
 *(.glue_7t)
 .glue_7t       0x0000000008001120        0x0 linker stubs
 *(.eh_frame)
 .eh_frame      0x0000000008001120        0x0 /usr/lib/gcc/arm-none-eabi/4.9.2/armv6-m/crtbegin.o
 *(.init)
 .init          0x0000000008001120        0x4 /usr/lib/gcc/arm-none-eabi/4.9.2/armv6-m/crti.o
                0x0000000008001120                _init
 .init          0x0000000008001124        0x8 /usr/lib/gcc/arm-none-eabi/4.9.2/armv6-m/crtn.o
 *(.fini)
 .fini          0x000000000800112c        0x4 /usr/lib/gcc/arm-none-eabi/4.9.2/armv6-m/crti.o
                0x000000000800112c                _fini
 .fini          0x0000000008001130        0x8 /usr/lib/gcc/arm-none-eabi/4.9.2/armv6-m/crtn.o
                0x0000000008001138                . = ALIGN (0x4)
                0x0000000008001138                _etext = .

.vfp11_veneer   0x0000000008001138        0x0
 .vfp11_veneer  0x0000000008001138        0x0 linker stubs

.v4_bx          0x0000000008001138        0x0
 .v4_bx         0x0000000008001138        0x0 linker stubs

.iplt           0x0000000008001138        0x0
 .iplt          0x0000000008001138        0x0 /usr/lib/gcc/arm-none-eabi/4.9.2/armv6-m/crtbegin.o

.rodata         0x0000000008001138       0x38
                0x0000000008001138                . = ALIGN (0x4)
 *(.rodata)
 *(.rodata*)
 .rodata.APBAHBPrescTable
                0x0000000008001138       0x10 ./Lib/STM32Cube_FW_F0_V1.2.0/Drivers/STM32F0xx_HAL_Driver/Src/stm32f0xx_hal_rcc.o
                0x0000000008001138                APBAHBPrescTable
 .rodata.PredivFactorTable
                0x0000000008001148       0x10 ./Lib/STM32Cube_FW_F0_V1.2.0/Drivers/STM32F0xx_HAL_Driver/Src/stm32f0xx_hal_rcc_ex.o
                0x0000000008001148                PredivFactorTable
 .rodata.PLLMULFactorTable
                0x0000000008001158       0x10 ./Lib/STM32Cube_FW_F0_V1.2.0/Drivers/STM32F0xx_HAL_Driver/Src/stm32f0xx_hal_rcc_ex.o
                0x0000000008001158                PLLMULFactorTable
 .rodata.str1.4
                0x0000000008001168        0x4 /usr/lib/gcc/arm-none-eabi/4.9.2/../../../../arm-none-eabi/lib/armv6-m/libc.a(lib_a-impure.o)
 .rodata._global_impure_ptr
                0x000000000800116c        0x4 /usr/lib/gcc/arm-none-eabi/4.9.2/../../../../arm-none-eabi/lib/armv6-m/libc.a(lib_a-impure.o)
                0x000000000800116c                _global_impure_ptr
                0x0000000008001170                . = ALIGN (0x4)

.rel.dyn        0x0000000008001170        0x0
 .rel.iplt      0x0000000008001170        0x0 /usr/lib/gcc/arm-none-eabi/4.9.2/armv6-m/crtbegin.o

.ARM.extab
 *(.ARM.extab* .gnu.linkonce.armextab.*)

.ARM            0x0000000008001170        0x0
                0x0000000008001170                __exidx_start = .
 *(.ARM.exidx*)
                0x0000000008001170                __exidx_end = .

.preinit_array  0x0000000008001170        0x0
                0x0000000008001170                PROVIDE (__preinit_array_start, .)
 *(.preinit_array*)
                0x0000000008001170                PROVIDE (__preinit_array_end, .)

.init_array     0x0000000008001170        0x8
                0x0000000008001170                PROVIDE (__init_array_start, .)
 *(SORT(.init_array.*))
 .init_array.00000
                0x0000000008001170        0x4 /usr/lib/gcc/arm-none-eabi/4.9.2/../../../../arm-none-eabi/lib/armv6-m/libc.a(lib_a-__call_atexit.o)
 *(.init_array*)
 .init_array    0x0000000008001174        0x4 /usr/lib/gcc/arm-none-eabi/4.9.2/armv6-m/crtbegin.o
                0x0000000008001178                PROVIDE (__init_array_end, .)

.fini_array     0x0000000008001178        0x4
                0x0000000008001178                PROVIDE (__fini_array_start, .)
 *(SORT(.fini_array.*))
 *(.fini_array*)
 .fini_array    0x0000000008001178        0x4 /usr/lib/gcc/arm-none-eabi/4.9.2/armv6-m/crtbegin.o
                0x000000000800117c                PROVIDE (__fini_array_end, .)
                0x000000000800117c                _sidata = LOADADDR (.data)

.data           0x0000000020000000      0x430 load address 0x000000000800117c
                0x0000000020000000                . = ALIGN (0x4)
                0x0000000020000000                _sdata = .
 *(.data)
 *(.data*)
 .data.SystemCoreClock
                0x0000000020000000        0x4 ./Src/system_stm32f0xx.o
                0x0000000020000000                SystemCoreClock
 *fill*         0x0000000020000004        0x4 
 .data.impure_data
                0x0000000020000008      0x428 /usr/lib/gcc/arm-none-eabi/4.9.2/../../../../arm-none-eabi/lib/armv6-m/libc.a(lib_a-impure.o)
                0x0000000020000430                . = ALIGN (0x4)
                0x0000000020000430                _edata = .

.jcr            0x0000000020000430        0x0 load address 0x00000000080015ac
 .jcr           0x0000000020000430        0x0 /usr/lib/gcc/arm-none-eabi/4.9.2/armv6-m/crtbegin.o

.igot.plt       0x0000000020000430        0x0 load address 0x00000000080015ac
 .igot.plt      0x0000000020000430        0x0 /usr/lib/gcc/arm-none-eabi/4.9.2/armv6-m/crtbegin.o
                0x0000000020000430                . = ALIGN (0x4)

.bss            0x0000000020000430       0x94 load address 0x00000000080015ac
                0x0000000020000430                _sbss = .
                0x0000000020000430                __bss_start__ = _sbss
 *(.bss)
 *(.bss*)
 .bss.completed.8095
                0x0000000020000430        0x1 /usr/lib/gcc/arm-none-eabi/4.9.2/armv6-m/crtbegin.o
 *fill*         0x0000000020000431        0x3 
 .bss.object.8100
                0x0000000020000434       0x18 /usr/lib/gcc/arm-none-eabi/4.9.2/armv6-m/crtbegin.o
 .bss.CMP_VAL   0x000000002000044c        0x4 ./Src/main.o
                0x000000002000044c                CMP_VAL
 .bss.uhPrescalerValue
                0x0000000020000450        0x4 ./Src/main.o
                0x0000000020000450                uhPrescalerValue
 .bss.uwTick    0x0000000020000454        0x4 ./Lib/STM32Cube_FW_F0_V1.2.0/Drivers/STM32F0xx_HAL_Driver/Src/stm32f0xx_hal.o
 *(COMMON)
 COMMON         0x0000000020000458       0x6c ./Src/main.o
                0x0000000020000458                TIM_HandleStruct
                0x0000000020000494                GPIO_InitStruct
                0x00000000200004a8                TIM_OC_InitStruct
                0x00000000200004c4                . = ALIGN (0x4)
                0x00000000200004c4                _ebss = .
                0x00000000200004c4                __bss_end__ = _ebss

._user_heap_stack
                0x00000000200004c4      0x600 load address 0x00000000080015ac
                0x00000000200004c4                . = ALIGN (0x4)
                0x00000000200004c4                PROVIDE (end, .)
                0x00000000200004c4                PROVIDE (_end, .)
                0x00000000200006c4                . = (. + _Min_Heap_Size)
 *fill*         0x00000000200004c4      0x200 
                0x0000000020000ac4                . = (. + _Min_Stack_Size)
 *fill*         0x00000000200006c4      0x400 
                0x0000000020000ac4                . = ALIGN (0x4)

/DISCARD/
 libc.a(*)
 libm.a(*)
 libgcc.a(*)

.ARM.attributes
                0x0000000000000000       0x28
 *(.ARM.attributes)
 .ARM.attributes
                0x0000000000000000       0x1e /usr/lib/gcc/arm-none-eabi/4.9.2/armv6-m/crti.o
 .ARM.attributes
                0x000000000000001e       0x2c /usr/lib/gcc/arm-none-eabi/4.9.2/armv6-m/crtbegin.o
 .ARM.attributes
                0x000000000000004a       0x31 ./Src/main.o
 .ARM.attributes
                0x000000000000007b       0x31 ./Src/stm32f0xx_it.o
 .ARM.attributes
                0x00000000000000ac       0x31 ./Src/system_stm32f0xx.o
 .ARM.attributes
                0x00000000000000dd       0x31 ./Lib/STM32Cube_FW_F0_V1.2.0/Drivers/STM32F0xx_HAL_Driver/Src/stm32f0xx_hal.o
 .ARM.attributes
                0x000000000000010e       0x31 ./Lib/STM32Cube_FW_F0_V1.2.0/Drivers/STM32F0xx_HAL_Driver/Src/stm32f0xx_hal_cortex.o
 .ARM.attributes
                0x000000000000013f       0x31 ./Lib/STM32Cube_FW_F0_V1.2.0/Drivers/STM32F0xx_HAL_Driver/Src/stm32f0xx_hal_gpio.o
 .ARM.attributes
                0x0000000000000170       0x31 ./Lib/STM32Cube_FW_F0_V1.2.0/Drivers/STM32F0xx_HAL_Driver/Src/stm32f0xx_hal_rcc.o
 .ARM.attributes
                0x00000000000001a1       0x31 ./Lib/STM32Cube_FW_F0_V1.2.0/Drivers/STM32F0xx_HAL_Driver/Src/stm32f0xx_hal_rcc_ex.o
 .ARM.attributes
                0x00000000000001d2       0x31 ./Lib/STM32Cube_FW_F0_V1.2.0/Drivers/STM32F0xx_HAL_Driver/Src/stm32f0xx_hal_tim.o
 .ARM.attributes
                0x0000000000000203       0x21 ./Lib/STM32Cube_FW_F0_V1.2.0/Drivers/CMSIS/Device/ST/STM32F0xx/Source/Templates/gcc/startup_stm32f030x6.o
 .ARM.attributes
                0x0000000000000224       0x1e /usr/lib/gcc/arm-none-eabi/4.9.2/armv6-m/crtn.o
START GROUP
LOAD /usr/lib/gcc/arm-none-eabi/4.9.2/armv6-m/libgcc.a
LOAD /usr/lib/gcc/arm-none-eabi/4.9.2/../../../../arm-none-eabi/lib/armv6-m/libg_nano.a
LOAD /usr/lib/gcc/arm-none-eabi/4.9.2/../../../../arm-none-eabi/lib/armv6-m/libc_nano.a
END GROUP
START GROUP
LOAD /usr/lib/gcc/arm-none-eabi/4.9.2/armv6-m/libgcc.a
LOAD /usr/lib/gcc/arm-none-eabi/4.9.2/../../../../arm-none-eabi/lib/armv6-m/libc_nano.a
LOAD /usr/lib/gcc/arm-none-eabi/4.9.2/../../../../arm-none-eabi/lib/armv6-m/libnosys.a
END GROUP
START GROUP
LOAD /usr/lib/gcc/arm-none-eabi/4.9.2/armv6-m/libgcc.a
LOAD /usr/lib/gcc/arm-none-eabi/4.9.2/../../../../arm-none-eabi/lib/armv6-m/libc_nano.a
LOAD /usr/lib/gcc/arm-none-eabi/4.9.2/../../../../arm-none-eabi/lib/armv6-m/libnosys.a
END GROUP
LOAD /usr/lib/gcc/arm-none-eabi/4.9.2/armv6-m/crtend.o
LOAD /usr/lib/gcc/arm-none-eabi/4.9.2/armv6-m/crtn.o
OUTPUT(main.elf elf32-littlearm)

.debug_info     0x0000000000000000     0x5df2
 .debug_info    0x0000000000000000      0xa01 ./Src/main.o
 .debug_info    0x0000000000000a01       0xce ./Src/stm32f0xx_it.o
 .debug_info    0x0000000000000acf      0x213 ./Src/system_stm32f0xx.o
 .debug_info    0x0000000000000ce2      0x529 ./Lib/STM32Cube_FW_F0_V1.2.0/Drivers/STM32F0xx_HAL_Driver/Src/stm32f0xx_hal.o
 .debug_info    0x000000000000120b      0x735 ./Lib/STM32Cube_FW_F0_V1.2.0/Drivers/STM32F0xx_HAL_Driver/Src/stm32f0xx_hal_cortex.o
 .debug_info    0x0000000000001940      0x5ac ./Lib/STM32Cube_FW_F0_V1.2.0/Drivers/STM32F0xx_HAL_Driver/Src/stm32f0xx_hal_gpio.o
 .debug_info    0x0000000000001eec      0x66b ./Lib/STM32Cube_FW_F0_V1.2.0/Drivers/STM32F0xx_HAL_Driver/Src/stm32f0xx_hal_rcc.o
 .debug_info    0x0000000000002557      0x5c0 ./Lib/STM32Cube_FW_F0_V1.2.0/Drivers/STM32F0xx_HAL_Driver/Src/stm32f0xx_hal_rcc_ex.o
 .debug_info    0x0000000000002b17     0x3208 ./Lib/STM32Cube_FW_F0_V1.2.0/Drivers/STM32F0xx_HAL_Driver/Src/stm32f0xx_hal_tim.o
 .debug_info    0x0000000000005d1f       0xd3 ./Lib/STM32Cube_FW_F0_V1.2.0/Drivers/CMSIS/Device/ST/STM32F0xx/Source/Templates/gcc/startup_stm32f030x6.o

.debug_abbrev   0x0000000000000000      0xfb7
 .debug_abbrev  0x0000000000000000      0x1bb ./Src/main.o
 .debug_abbrev  0x00000000000001bb       0x63 ./Src/stm32f0xx_it.o
 .debug_abbrev  0x000000000000021e       0xf9 ./Src/system_stm32f0xx.o
 .debug_abbrev  0x0000000000000317      0x1b2 ./Lib/STM32Cube_FW_F0_V1.2.0/Drivers/STM32F0xx_HAL_Driver/Src/stm32f0xx_hal.o
 .debug_abbrev  0x00000000000004c9      0x23a ./Lib/STM32Cube_FW_F0_V1.2.0/Drivers/STM32F0xx_HAL_Driver/Src/stm32f0xx_hal_cortex.o
 .debug_abbrev  0x0000000000000703      0x1b8 ./Lib/STM32Cube_FW_F0_V1.2.0/Drivers/STM32F0xx_HAL_Driver/Src/stm32f0xx_hal_gpio.o
 .debug_abbrev  0x00000000000008bb      0x1c9 ./Lib/STM32Cube_FW_F0_V1.2.0/Drivers/STM32F0xx_HAL_Driver/Src/stm32f0xx_hal_rcc.o
 .debug_abbrev  0x0000000000000a84      0x1d6 ./Lib/STM32Cube_FW_F0_V1.2.0/Drivers/STM32F0xx_HAL_Driver/Src/stm32f0xx_hal_rcc_ex.o
 .debug_abbrev  0x0000000000000c5a      0x34b ./Lib/STM32Cube_FW_F0_V1.2.0/Drivers/STM32F0xx_HAL_Driver/Src/stm32f0xx_hal_tim.o
 .debug_abbrev  0x0000000000000fa5       0x12 ./Lib/STM32Cube_FW_F0_V1.2.0/Drivers/CMSIS/Device/ST/STM32F0xx/Source/Templates/gcc/startup_stm32f030x6.o

.debug_aranges  0x0000000000000000      0x610
 .debug_aranges
                0x0000000000000000       0x20 ./Src/main.o
 .debug_aranges
                0x0000000000000020       0x40 ./Src/stm32f0xx_it.o
 .debug_aranges
                0x0000000000000060       0x28 ./Src/system_stm32f0xx.o
 .debug_aranges
                0x0000000000000088       0xa0 ./Lib/STM32Cube_FW_F0_V1.2.0/Drivers/STM32F0xx_HAL_Driver/Src/stm32f0xx_hal.o
 .debug_aranges
                0x0000000000000128       0x78 ./Lib/STM32Cube_FW_F0_V1.2.0/Drivers/STM32F0xx_HAL_Driver/Src/stm32f0xx_hal_cortex.o
 .debug_aranges
                0x00000000000001a0       0x58 ./Lib/STM32Cube_FW_F0_V1.2.0/Drivers/STM32F0xx_HAL_Driver/Src/stm32f0xx_hal_gpio.o
 .debug_aranges
                0x00000000000001f8       0x80 ./Lib/STM32Cube_FW_F0_V1.2.0/Drivers/STM32F0xx_HAL_Driver/Src/stm32f0xx_hal_rcc.o
 .debug_aranges
                0x0000000000000278       0x40 ./Lib/STM32Cube_FW_F0_V1.2.0/Drivers/STM32F0xx_HAL_Driver/Src/stm32f0xx_hal_rcc_ex.o
 .debug_aranges
                0x00000000000002b8      0x330 ./Lib/STM32Cube_FW_F0_V1.2.0/Drivers/STM32F0xx_HAL_Driver/Src/stm32f0xx_hal_tim.o
 .debug_aranges
                0x00000000000005e8       0x28 ./Lib/STM32Cube_FW_F0_V1.2.0/Drivers/CMSIS/Device/ST/STM32F0xx/Source/Templates/gcc/startup_stm32f030x6.o

.debug_ranges   0x0000000000000000      0x960
 .debug_ranges  0x0000000000000000       0x10 ./Src/main.o
 .debug_ranges  0x0000000000000010       0x30 ./Src/stm32f0xx_it.o
 .debug_ranges  0x0000000000000040       0x18 ./Src/system_stm32f0xx.o
 .debug_ranges  0x0000000000000058       0x90 ./Lib/STM32Cube_FW_F0_V1.2.0/Drivers/STM32F0xx_HAL_Driver/Src/stm32f0xx_hal.o
 .debug_ranges  0x00000000000000e8       0xd0 ./Lib/STM32Cube_FW_F0_V1.2.0/Drivers/STM32F0xx_HAL_Driver/Src/stm32f0xx_hal_cortex.o
 .debug_ranges  0x00000000000001b8       0x48 ./Lib/STM32Cube_FW_F0_V1.2.0/Drivers/STM32F0xx_HAL_Driver/Src/stm32f0xx_hal_gpio.o
 .debug_ranges  0x0000000000000200       0x70 ./Lib/STM32Cube_FW_F0_V1.2.0/Drivers/STM32F0xx_HAL_Driver/Src/stm32f0xx_hal_rcc.o
 .debug_ranges  0x0000000000000270       0x30 ./Lib/STM32Cube_FW_F0_V1.2.0/Drivers/STM32F0xx_HAL_Driver/Src/stm32f0xx_hal_rcc_ex.o
 .debug_ranges  0x00000000000002a0      0x6a0 ./Lib/STM32Cube_FW_F0_V1.2.0/Drivers/STM32F0xx_HAL_Driver/Src/stm32f0xx_hal_tim.o
 .debug_ranges  0x0000000000000940       0x20 ./Lib/STM32Cube_FW_F0_V1.2.0/Drivers/CMSIS/Device/ST/STM32F0xx/Source/Templates/gcc/startup_stm32f030x6.o

.debug_line     0x0000000000000000     0x29b6
 .debug_line    0x0000000000000000      0x254 ./Src/main.o
 .debug_line    0x0000000000000254       0x8d ./Src/stm32f0xx_it.o
 .debug_line    0x00000000000002e1      0x139 ./Src/system_stm32f0xx.o
 .debug_line    0x000000000000041a      0x31a ./Lib/STM32Cube_FW_F0_V1.2.0/Drivers/STM32F0xx_HAL_Driver/Src/stm32f0xx_hal.o
 .debug_line    0x0000000000000734      0x301 ./Lib/STM32Cube_FW_F0_V1.2.0/Drivers/STM32F0xx_HAL_Driver/Src/stm32f0xx_hal_cortex.o
 .debug_line    0x0000000000000a35      0x323 ./Lib/STM32Cube_FW_F0_V1.2.0/Drivers/STM32F0xx_HAL_Driver/Src/stm32f0xx_hal_gpio.o
 .debug_line    0x0000000000000d58      0x302 ./Lib/STM32Cube_FW_F0_V1.2.0/Drivers/STM32F0xx_HAL_Driver/Src/stm32f0xx_hal_rcc.o
 .debug_line    0x000000000000105a      0x398 ./Lib/STM32Cube_FW_F0_V1.2.0/Drivers/STM32F0xx_HAL_Driver/Src/stm32f0xx_hal_rcc_ex.o
 .debug_line    0x00000000000013f2     0x14fa ./Lib/STM32Cube_FW_F0_V1.2.0/Drivers/STM32F0xx_HAL_Driver/Src/stm32f0xx_hal_tim.o
 .debug_line    0x00000000000028ec       0xca ./Lib/STM32Cube_FW_F0_V1.2.0/Drivers/CMSIS/Device/ST/STM32F0xx/Source/Templates/gcc/startup_stm32f030x6.o

.debug_str      0x0000000000000000     0x1eef
 .debug_str     0x0000000000000000      0x764 ./Src/main.o
                                        0x7ef (size before relaxing)
 .debug_str     0x0000000000000764       0x5c ./Src/stm32f0xx_it.o
                                        0x1d9 (size before relaxing)
 .debug_str     0x00000000000007c0       0x57 ./Src/system_stm32f0xx.o
                                        0x26b (size before relaxing)
 .debug_str     0x0000000000000817      0x35b ./Lib/STM32Cube_FW_F0_V1.2.0/Drivers/STM32F0xx_HAL_Driver/Src/stm32f0xx_hal.o
                                        0x54a (size before relaxing)
 .debug_str     0x0000000000000b72      0x228 ./Lib/STM32Cube_FW_F0_V1.2.0/Drivers/STM32F0xx_HAL_Driver/Src/stm32f0xx_hal_cortex.o
                                        0x5be (size before relaxing)
 .debug_str     0x0000000000000d9a      0x17a ./Lib/STM32Cube_FW_F0_V1.2.0/Drivers/STM32F0xx_HAL_Driver/Src/stm32f0xx_hal_gpio.o
                                        0x429 (size before relaxing)
 .debug_str     0x0000000000000f14      0x196 ./Lib/STM32Cube_FW_F0_V1.2.0/Drivers/STM32F0xx_HAL_Driver/Src/stm32f0xx_hal_rcc.o
                                        0x59c (size before relaxing)
 .debug_str     0x00000000000010aa      0x159 ./Lib/STM32Cube_FW_F0_V1.2.0/Drivers/STM32F0xx_HAL_Driver/Src/stm32f0xx_hal_rcc_ex.o
                                        0x52c (size before relaxing)
 .debug_str     0x0000000000001203      0xcec ./Lib/STM32Cube_FW_F0_V1.2.0/Drivers/STM32F0xx_HAL_Driver/Src/stm32f0xx_hal_tim.o
                                       0x12f2 (size before relaxing)

.comment        0x0000000000000000       0x33
 .comment       0x0000000000000000       0x33 ./Src/main.o
                                         0x34 (size before relaxing)
 .comment       0x0000000000000033       0x34 ./Src/stm32f0xx_it.o
 .comment       0x0000000000000033       0x34 ./Src/system_stm32f0xx.o
 .comment       0x0000000000000033       0x34 ./Lib/STM32Cube_FW_F0_V1.2.0/Drivers/STM32F0xx_HAL_Driver/Src/stm32f0xx_hal.o
 .comment       0x0000000000000033       0x34 ./Lib/STM32Cube_FW_F0_V1.2.0/Drivers/STM32F0xx_HAL_Driver/Src/stm32f0xx_hal_cortex.o
 .comment       0x0000000000000033       0x34 ./Lib/STM32Cube_FW_F0_V1.2.0/Drivers/STM32F0xx_HAL_Driver/Src/stm32f0xx_hal_gpio.o
 .comment       0x0000000000000033       0x34 ./Lib/STM32Cube_FW_F0_V1.2.0/Drivers/STM32F0xx_HAL_Driver/Src/stm32f0xx_hal_rcc.o
 .comment       0x0000000000000033       0x34 ./Lib/STM32Cube_FW_F0_V1.2.0/Drivers/STM32F0xx_HAL_Driver/Src/stm32f0xx_hal_rcc_ex.o
 .comment       0x0000000000000033       0x34 ./Lib/STM32Cube_FW_F0_V1.2.0/Drivers/STM32F0xx_HAL_Driver/Src/stm32f0xx_hal_tim.o

.debug_frame    0x0000000000000000      0xeb0
 .debug_frame   0x0000000000000000       0x30 ./Src/main.o
 .debug_frame   0x0000000000000030       0x68 ./Src/stm32f0xx_it.o
 .debug_frame   0x0000000000000098       0x3c ./Src/system_stm32f0xx.o
 .debug_frame   0x00000000000000d4      0x148 ./Lib/STM32Cube_FW_F0_V1.2.0/Drivers/STM32F0xx_HAL_Driver/Src/stm32f0xx_hal.o
 .debug_frame   0x000000000000021c       0xe4 ./Lib/STM32Cube_FW_F0_V1.2.0/Drivers/STM32F0xx_HAL_Driver/Src/stm32f0xx_hal_cortex.o
 .debug_frame   0x0000000000000300       0xc4 ./Lib/STM32Cube_FW_F0_V1.2.0/Drivers/STM32F0xx_HAL_Driver/Src/stm32f0xx_hal_gpio.o
 .debug_frame   0x00000000000003c4      0x110 ./Lib/STM32Cube_FW_F0_V1.2.0/Drivers/STM32F0xx_HAL_Driver/Src/stm32f0xx_hal_rcc.o
 .debug_frame   0x00000000000004d4       0xa4 ./Lib/STM32Cube_FW_F0_V1.2.0/Drivers/STM32F0xx_HAL_Driver/Src/stm32f0xx_hal_rcc_ex.o
 .debug_frame   0x0000000000000578      0x938 ./Lib/STM32Cube_FW_F0_V1.2.0/Drivers/STM32F0xx_HAL_Driver/Src/stm32f0xx_hal_tim.o

.debug_loc      0x0000000000000000     0x49e3
 .debug_loc     0x0000000000000000      0x114 ./Src/system_stm32f0xx.o
 .debug_loc     0x0000000000000114       0x6a ./Lib/STM32Cube_FW_F0_V1.2.0/Drivers/STM32F0xx_HAL_Driver/Src/stm32f0xx_hal.o
 .debug_loc     0x000000000000017e      0x233 ./Lib/STM32Cube_FW_F0_V1.2.0/Drivers/STM32F0xx_HAL_Driver/Src/stm32f0xx_hal_cortex.o
 .debug_loc     0x00000000000003b1      0x358 ./Lib/STM32Cube_FW_F0_V1.2.0/Drivers/STM32F0xx_HAL_Driver/Src/stm32f0xx_hal_gpio.o
 .debug_loc     0x0000000000000709       0xbb ./Lib/STM32Cube_FW_F0_V1.2.0/Drivers/STM32F0xx_HAL_Driver/Src/stm32f0xx_hal_rcc.o
 .debug_loc     0x00000000000007c4      0x461 ./Lib/STM32Cube_FW_F0_V1.2.0/Drivers/STM32F0xx_HAL_Driver/Src/stm32f0xx_hal_rcc_ex.o
 .debug_loc     0x0000000000000c25     0x3dbe ./Lib/STM32Cube_FW_F0_V1.2.0/Drivers/STM32F0xx_HAL_Driver/Src/stm32f0xx_hal_tim.o
